#
# There is insufficient memory for the Java Runtime Environment to continue.
# Native memory allocation (mmap) failed to map 72351744 bytes for G1 virtual space
# Possible reasons:
#   The system is out of physical RAM or swap space
#   The process is running with CompressedOops enabled, and the Java Heap may be blocking the growth of the native heap
# Possible solutions:
#   Reduce memory load on the system
#   Increase physical memory or swap space
#   Check if swap backing store is full
#   Decrease Java heap size (-Xmx/-Xms)
#   Decrease number of Java threads
#   Decrease Java thread stack sizes (-Xss)
#   Set larger code cache with -XX:ReservedCodeCacheSize=
#   JVM is running with Unscaled Compressed Oops mode in which the Java heap is
#     placed in the first 4GB address space. The Java Heap base address is the
#     maximum limit for the native heap growth. Please use -XX:HeapBaseMinAddress
#     to set the Java Heap base and to place the Java Heap above 4GB virtual address.
# This output file may be truncated or incomplete.
#
#  Out of Memory Error (os_windows.cpp:3603), pid=9616, tid=26216
#
# JRE version: Java(TM) SE Runtime Environment (21.0.8+12) (build 21.0.8+12-LTS-250)
# Java VM: Java HotSpot(TM) 64-Bit Server VM (21.0.8+12-LTS-250, mixed mode, emulated-client, sharing, tiered, compressed oops, compressed class ptrs, g1 gc, windows-amd64)
# No core dump will be written. Minidumps are not enabled by default on client versions of Windows
#

---------------  S U M M A R Y ------------

Command Line: -Dcom.sun.management.jmxremote -Dcom.sun.management.jmxremote.port=50061 -Dcom.sun.management.jmxremote.authenticate=false -Dcom.sun.management.jmxremote.ssl=false -Djava.rmi.server.hostname=localhost -Dspring.jmx.enabled=true -Dmanagement.endpoints.jmx.exposure.include=* -Dspring.application.admin.enabled=true -Dspring.output.ansi.enabled=always -XX:TieredStopAtLevel=1 -Dspring.boot.project.name=film-rental-store-frontend -Dfile.encoding=UTF-8 -Dstdout.encoding=UTF-8 -Dstderr.encoding=UTF-8 -XX:+ShowCodeDetailsInExceptionMessages com.filmrental.frontend.FrontendApplication

Host: AMD Ryzen 5 5500U with Radeon Graphics         , 12 cores, 7G,  Windows 11 , 64 bit Build 26100 (10.0.26100.8115)
Time: Mon Apr 20 10:15:34 2026 India Standard Time elapsed time: 793.875239 seconds (0d 0h 13m 13s)

---------------  T H R E A D  ---------------

Current thread (0x000001acfbb9dcf0):  VMThread "VM Thread"          [id=26216, stack(0x0000004ffb700000,0x0000004ffb800000) (1024K)]

Stack: [0x0000004ffb700000,0x0000004ffb800000]
Native frames: (J=compiled Java code, j=interpreted, Vv=VM code, C=native code)
V  [jvm.dll+0x6cc179]
V  [jvm.dll+0x8584c1]
V  [jvm.dll+0x85a9ee]
V  [jvm.dll+0x85b0c3]
V  [jvm.dll+0x27ebf6]
V  [jvm.dll+0x6c88f5]
V  [jvm.dll+0x6bd45a]
V  [jvm.dll+0x354b1a]
V  [jvm.dll+0x35c796]
V  [jvm.dll+0x3af85e]
V  [jvm.dll+0x3afb08]
V  [jvm.dll+0x328e2c]
V  [jvm.dll+0x328eb7]
V  [jvm.dll+0x36d7dc]
V  [jvm.dll+0x36c02e]
V  [jvm.dll+0x3285f1]
V  [jvm.dll+0x36b74a]
V  [jvm.dll+0x860e90]
V  [jvm.dll+0x862214]
V  [jvm.dll+0x862750]
V  [jvm.dll+0x8629f3]
V  [jvm.dll+0x80279b]
V  [jvm.dll+0x6ca85d]
C  [ucrtbase.dll+0x37b0]
C  [KERNEL32.DLL+0x2e8d7]
C  [ntdll.dll+0x8c3fc]

VM_Operation (0x0000004ffe1fad70): G1CollectForAllocation, mode: safepoint, requested by thread 0x000001acc6abbd70


---------------  P R O C E S S  ---------------

Threads class SMR info:
_java_thread_list=0x000001acc55b1d80, length=35, elements={
0x000001acfbbba780, 0x000001acfbbbb1d0, 0x000001acfbbbe7d0, 0x000001acfbbc26d0,
0x000001acfbbc38a0, 0x000001acfbbc5fb0, 0x000001acfbbcf2c0, 0x000001acc517cb20,
0x000001acc523de00, 0x000001acc5696040, 0x000001acc56a5990, 0x000001acc56cbb60,
0x000001acc5787260, 0x000001acc57c24a0, 0x000001acc673ab50, 0x000001acc67383f0,
0x000001acc67397a0, 0x000001acc673b1e0, 0x000001acc673b870, 0x000001acc6739e30,
0x000001acc6739110, 0x000001acc673a4c0, 0x000001acc6abf1f0, 0x000001acc6abd120,
0x000001acc6abca90, 0x000001acc6abbd70, 0x000001acc6abde40, 0x000001acc6abf880,
0x000001acc6abe4d0, 0x000001acc6abeb60, 0x000001acc6ac05a0, 0x000001acc6dd6a10,
0x000001acc74318b0, 0x000001acc6dd5660, 0x000001acc6dd5cf0
}

Java Threads: ( => current thread )
  0x000001acfbbba780 JavaThread "Reference Handler"          daemon [_thread_blocked, id=18204, stack(0x0000004ffb800000,0x0000004ffb900000) (1024K)]
  0x000001acfbbbb1d0 JavaThread "Finalizer"                  daemon [_thread_blocked, id=34008, stack(0x0000004ffb900000,0x0000004ffba00000) (1024K)]
  0x000001acfbbbe7d0 JavaThread "Signal Dispatcher"          daemon [_thread_blocked, id=24808, stack(0x0000004ffba00000,0x0000004ffbb00000) (1024K)]
  0x000001acfbbc26d0 JavaThread "Attach Listener"            daemon [_thread_blocked, id=29748, stack(0x0000004ffbb00000,0x0000004ffbc00000) (1024K)]
  0x000001acfbbc38a0 JavaThread "Service Thread"             daemon [_thread_blocked, id=4224, stack(0x0000004ffbc00000,0x0000004ffbd00000) (1024K)]
  0x000001acfbbc5fb0 JavaThread "Monitor Deflation Thread"   daemon [_thread_blocked, id=4392, stack(0x0000004ffbd00000,0x0000004ffbe00000) (1024K)]
  0x000001acfbbcf2c0 JavaThread "C1 CompilerThread0"         daemon [_thread_blocked, id=28660, stack(0x0000004ffbe00000,0x0000004ffbf00000) (1024K)]
  0x000001acc517cb20 JavaThread "Common-Cleaner"             daemon [_thread_blocked, id=16480, stack(0x0000004ffbf00000,0x0000004ffc000000) (1024K)]
  0x000001acc523de00 JavaThread "Notification Thread"        daemon [_thread_blocked, id=27488, stack(0x0000004ffc100000,0x0000004ffc200000) (1024K)]
  0x000001acc5696040 JavaThread "RMI TCP Accept-0"           daemon [_thread_in_native, id=988, stack(0x0000004ffc400000,0x0000004ffc500000) (1024K)]
  0x000001acc56a5990 JavaThread "RMI TCP Accept-50061"       daemon [_thread_in_native, id=22740, stack(0x0000004ffc500000,0x0000004ffc600000) (1024K)]
  0x000001acc56cbb60 JavaThread "RMI TCP Accept-0"           daemon [_thread_in_native, id=33412, stack(0x0000004ffc600000,0x0000004ffc700000) (1024K)]
  0x000001acc5787260 JavaThread "RMI Scheduler(0)"           daemon [_thread_blocked, id=18560, stack(0x0000004ffc800000,0x0000004ffc900000) (1024K)]
  0x000001acc57c24a0 JavaThread "JMX server connection timeout 28" daemon [_thread_blocked, id=32452, stack(0x0000004ffca00000,0x0000004ffcb00000) (1024K)]
  0x000001acc673ab50 JavaThread "Catalina-utility-1"                [_thread_blocked, id=20416, stack(0x0000004ffd600000,0x0000004ffd700000) (1024K)]
  0x000001acc67383f0 JavaThread "Catalina-utility-2"                [_thread_blocked, id=11668, stack(0x0000004ffd700000,0x0000004ffd800000) (1024K)]
  0x000001acc67397a0 JavaThread "container-0"                       [_thread_blocked, id=1044, stack(0x0000004ffd800000,0x0000004ffd900000) (1024K)]
  0x000001acc673b1e0 JavaThread "http-nio-8084-exec-1"       daemon [_thread_blocked, id=16232, stack(0x0000004ffd900000,0x0000004ffda00000) (1024K)]
  0x000001acc673b870 JavaThread "http-nio-8084-exec-2"       daemon [_thread_blocked, id=27976, stack(0x0000004ffda00000,0x0000004ffdb00000) (1024K)]
  0x000001acc6739e30 JavaThread "http-nio-8084-exec-3"       daemon [_thread_blocked, id=30528, stack(0x0000004ffdb00000,0x0000004ffdc00000) (1024K)]
  0x000001acc6739110 JavaThread "http-nio-8084-exec-4"       daemon [_thread_blocked, id=9468, stack(0x0000004ffdc00000,0x0000004ffdd00000) (1024K)]
  0x000001acc673a4c0 JavaThread "http-nio-8084-exec-5"       daemon [_thread_blocked, id=23264, stack(0x0000004ffdd00000,0x0000004ffde00000) (1024K)]
  0x000001acc6abf1f0 JavaThread "http-nio-8084-exec-6"       daemon [_thread_blocked, id=32124, stack(0x0000004ffde00000,0x0000004ffdf00000) (1024K)]
  0x000001acc6abd120 JavaThread "http-nio-8084-exec-7"       daemon [_thread_blocked, id=10844, stack(0x0000004ffdf00000,0x0000004ffe000000) (1024K)]
  0x000001acc6abca90 JavaThread "http-nio-8084-exec-8"       daemon [_thread_blocked, id=32476, stack(0x0000004ffe000000,0x0000004ffe100000) (1024K)]
  0x000001acc6abbd70 JavaThread "http-nio-8084-exec-9"       daemon [_thread_blocked, id=26732, stack(0x0000004ffe100000,0x0000004ffe200000) (1024K)]
  0x000001acc6abde40 JavaThread "http-nio-8084-exec-10"      daemon [_thread_blocked, id=34724, stack(0x0000004ffe200000,0x0000004ffe300000) (1024K)]
  0x000001acc6abf880 JavaThread "http-nio-8084-Poller"       daemon [_thread_blocked, id=7876, stack(0x0000004ffe300000,0x0000004ffe400000) (1024K)]
  0x000001acc6abe4d0 JavaThread "http-nio-8084-Acceptor"     daemon [_thread_in_native, id=26404, stack(0x0000004ffe400000,0x0000004ffe500000) (1024K)]
  0x000001acc6abeb60 JavaThread "DestroyJavaVM"                     [_thread_blocked, id=10456, stack(0x0000004ffb000000,0x0000004ffb100000) (1024K)]
  0x000001acc6ac05a0 JavaThread "RMI TCP Connection(21)-127.0.0.1" daemon [_thread_in_native, id=17852, stack(0x0000004ffe900000,0x0000004ffea00000) (1024K)]
  0x000001acc6dd6a10 JavaThread "HttpClient-14-SelectorManager" daemon [_thread_in_native, id=13140, stack(0x0000004fff500000,0x0000004fff600000) (1024K)]
  0x000001acc74318b0 JavaThread "C1 CompilerThread1"         daemon [_thread_blocked, id=20496, stack(0x0000004f80300000,0x0000004f80400000) (1024K)]
  0x000001acc6dd5660 JavaThread "HttpClient-14-Worker-3"     daemon [_thread_blocked, id=23952, stack(0x0000004f80400000,0x0000004f80500000) (1024K)]
  0x000001acc6dd5cf0 JavaThread "HttpClient-14-Worker-4"     daemon [_thread_blocked, id=25500, stack(0x0000004f80000000,0x0000004f80100000) (1024K)]
Total: 35

Other Threads:
=>0x000001acfbb9dcf0 VMThread "VM Thread"                           [id=26216, stack(0x0000004ffb700000,0x0000004ffb800000) (1024K)]
  0x000001acfbb8b9b0 WatcherThread "VM Periodic Task Thread"        [id=33520, stack(0x0000004ffb600000,0x0000004ffb700000) (1024K)]
  0x000001aceb2a2b00 WorkerThread "GC Thread#0"                     [id=17816, stack(0x0000004ffb100000,0x0000004ffb200000) (1024K)]
  0x000001acc5a4f470 WorkerThread "GC Thread#1"                     [id=2840, stack(0x0000004ffcb00000,0x0000004ffcc00000) (1024K)]
  0x000001acc5a7df80 WorkerThread "GC Thread#2"                     [id=16692, stack(0x0000004ffcc00000,0x0000004ffcd00000) (1024K)]
  0x000001acc5a7e730 WorkerThread "GC Thread#3"                     [id=11220, stack(0x0000004ffcd00000,0x0000004ffce00000) (1024K)]
  0x000001acc5a82ae0 WorkerThread "GC Thread#4"                     [id=29524, stack(0x0000004ffce00000,0x0000004ffcf00000) (1024K)]
  0x000001acc5a8d9d0 WorkerThread "GC Thread#5"                     [id=31660, stack(0x0000004ffcf00000,0x0000004ffd000000) (1024K)]
  0x000001acc5a8cef0 WorkerThread "GC Thread#6"                     [id=14576, stack(0x0000004ffd000000,0x0000004ffd100000) (1024K)]
  0x000001acc5a8d290 WorkerThread "GC Thread#7"                     [id=27580, stack(0x0000004ffd100000,0x0000004ffd200000) (1024K)]
  0x000001acc5a8d630 WorkerThread "GC Thread#8"                     [id=6340, stack(0x0000004ffd200000,0x0000004ffd300000) (1024K)]
  0x000001acc5a8dd70 WorkerThread "GC Thread#9"                     [id=29160, stack(0x0000004ffd300000,0x0000004ffd400000) (1024K)]
  0x000001aceb2b2570 ConcurrentGCThread "G1 Main Marker"            [id=34380, stack(0x0000004ffb200000,0x0000004ffb300000) (1024K)]
  0x000001aceb2b3e00 WorkerThread "G1 Conc#0"                       [id=6988, stack(0x0000004ffb300000,0x0000004ffb400000) (1024K)]
  0x000001acc5a8e850 WorkerThread "G1 Conc#1"                       [id=12572, stack(0x0000004ffd400000,0x0000004ffd500000) (1024K)]
  0x000001acc6602170 WorkerThread "G1 Conc#2"                       [id=9976, stack(0x0000004ffd500000,0x0000004ffd600000) (1024K)]
  0x000001acfba599c0 ConcurrentGCThread "G1 Refine#0"               [id=34296, stack(0x0000004ffb400000,0x0000004ffb500000) (1024K)]
  0x000001acfba5c350 ConcurrentGCThread "G1 Service"                [id=22864, stack(0x0000004ffb500000,0x0000004ffb600000) (1024K)]
Total: 18

Threads with active compile tasks:
Total: 0

VM state: at safepoint (normal execution)

VM Mutex/Monitor currently owned by a thread:  ([mutex/lock_event])
[0x00007ff9735d0e50] Threads_lock - owner thread: 0x000001acfbb9dcf0
[0x00007ff9735d0f50] Heap_lock - owner thread: 0x000001acc6abbd70

Heap address: 0x000000008a400000, size: 1884 MB, Compressed Oops mode: 32-bit

CDS archive(s) mapped at: [0x000001ac80000000-0x000001ac80c90000-0x000001ac80c90000), size 13172736, SharedBaseAddress: 0x000001ac80000000, ArchiveRelocationMode: 1.
Compressed class space mapped at: 0x000001ac81000000-0x000001acc1000000, reserved size: 1073741824
Narrow klass base: 0x000001ac80000000, Narrow klass shift: 0, Narrow klass range: 0x100000000

GC Precious Log:
 CardTable entry size: 512
 Card Set container configuration: InlinePtr #cards 5 size 8 Array Of Cards #cards 12 size 40 Howl #buckets 4 coarsen threshold 1843 Howl Bitmap #cards 512 size 80 coarsen threshold 460 Card regions per heap region 1 cards per card region 2048
 CPUs: 12 total, 12 available
 Memory: 7530M
 Large Page Support: Disabled
 NUMA Support: Disabled
 Compressed Oops: Enabled (32-bit)
 Heap Region Size: 1M
 Heap Min Capacity: 8M
 Heap Initial Capacity: 118M
 Heap Max Capacity: 1884M
 Pre-touch: Disabled
 Parallel Workers: 10
 Concurrent Workers: 3
 Concurrent Refinement Workers: 10
 Periodic GC: Disabled

Heap:
 garbage-first heap   total 190464K, used 73222K [0x000000008a400000, 0x0000000100000000)
  region size 1024K, 1 young (1024K), 1 survivors (1024K)
 Metaspace       used 39445K, committed 40384K, reserved 1114112K
  class space    used 5181K, committed 5568K, reserved 1048576K

Heap Regions: E=young(eden), S=young(survivor), O=old, HS=humongous(starts), HC=humongous(continues), CS=collection set, F=free, TAMS=top-at-mark-start, PB=parsable bottom
|   0|0x000000008a400000, 0x000000008a500000, 0x000000008a500000|100%| O|  |TAMS 0x000000008a500000| PB 0x000000008a400000| Untracked 
|   1|0x000000008a500000, 0x000000008a600000, 0x000000008a600000|100%| O|  |TAMS 0x000000008a600000| PB 0x000000008a500000| Untracked 
|   2|0x000000008a600000, 0x000000008a700000, 0x000000008a700000|100%| O|  |TAMS 0x000000008a700000| PB 0x000000008a600000| Untracked 
|   3|0x000000008a700000, 0x000000008a800000, 0x000000008a800000|100%| O|  |TAMS 0x000000008a800000| PB 0x000000008a700000| Untracked 
|   4|0x000000008a800000, 0x000000008a900000, 0x000000008a900000|100%| O|  |TAMS 0x000000008a900000| PB 0x000000008a800000| Untracked 
|   5|0x000000008a900000, 0x000000008aa00000, 0x000000008aa00000|100%| O|  |TAMS 0x000000008aa00000| PB 0x000000008a900000| Untracked 
|   6|0x000000008aa00000, 0x000000008ab00000, 0x000000008ab00000|100%| O|  |TAMS 0x000000008ab00000| PB 0x000000008aa00000| Untracked 
|   7|0x000000008ab00000, 0x000000008ac00000, 0x000000008ac00000|100%| O|  |TAMS 0x000000008ac00000| PB 0x000000008ab00000| Untracked 
|   8|0x000000008ac00000, 0x000000008ad00000, 0x000000008ad00000|100%| O|  |TAMS 0x000000008ad00000| PB 0x000000008ac00000| Untracked 
|   9|0x000000008ad00000, 0x000000008ae00000, 0x000000008ae00000|100%| O|  |TAMS 0x000000008ae00000| PB 0x000000008ad00000| Untracked 
|  10|0x000000008ae00000, 0x000000008af00000, 0x000000008af00000|100%| O|  |TAMS 0x000000008af00000| PB 0x000000008ae00000| Untracked 
|  11|0x000000008af00000, 0x000000008b000000, 0x000000008b000000|100%| O|  |TAMS 0x000000008b000000| PB 0x000000008af00000| Untracked 
|  12|0x000000008b000000, 0x000000008b100000, 0x000000008b100000|100%| O|  |TAMS 0x000000008b100000| PB 0x000000008b000000| Untracked 
|  13|0x000000008b100000, 0x000000008b200000, 0x000000008b200000|100%| O|  |TAMS 0x000000008b200000| PB 0x000000008b100000| Untracked 
|  14|0x000000008b200000, 0x000000008b300000, 0x000000008b300000|100%| O|  |TAMS 0x000000008b300000| PB 0x000000008b200000| Untracked 
|  15|0x000000008b300000, 0x000000008b400000, 0x000000008b400000|100%| O|  |TAMS 0x000000008b400000| PB 0x000000008b300000| Untracked 
|  16|0x000000008b400000, 0x000000008b500000, 0x000000008b500000|100%| O|  |TAMS 0x000000008b500000| PB 0x000000008b400000| Untracked 
|  17|0x000000008b500000, 0x000000008b600000, 0x000000008b600000|100%| O|  |TAMS 0x000000008b600000| PB 0x000000008b500000| Untracked 
|  18|0x000000008b600000, 0x000000008b700000, 0x000000008b700000|100%| O|  |TAMS 0x000000008b700000| PB 0x000000008b600000| Untracked 
|  19|0x000000008b700000, 0x000000008b800000, 0x000000008b800000|100%| O|  |TAMS 0x000000008b800000| PB 0x000000008b700000| Untracked 
|  20|0x000000008b800000, 0x000000008b900000, 0x000000008b900000|100%| O|  |TAMS 0x000000008b900000| PB 0x000000008b800000| Untracked 
|  21|0x000000008b900000, 0x000000008ba00000, 0x000000008ba00000|100%| O|  |TAMS 0x000000008ba00000| PB 0x000000008b900000| Untracked 
|  22|0x000000008ba00000, 0x000000008bb00000, 0x000000008bb00000|100%| O|  |TAMS 0x000000008bb00000| PB 0x000000008ba00000| Untracked 
|  23|0x000000008bb00000, 0x000000008bc00000, 0x000000008bc00000|100%| O|  |TAMS 0x000000008bc00000| PB 0x000000008bb00000| Untracked 
|  24|0x000000008bc00000, 0x000000008bd00000, 0x000000008bd00000|100%| O|  |TAMS 0x000000008bd00000| PB 0x000000008bc00000| Untracked 
|  25|0x000000008bd00000, 0x000000008be00000, 0x000000008be00000|100%| O|  |TAMS 0x000000008be00000| PB 0x000000008bd00000| Untracked 
|  26|0x000000008be00000, 0x000000008bf00000, 0x000000008bf00000|100%| O|  |TAMS 0x000000008bf00000| PB 0x000000008be00000| Untracked 
|  27|0x000000008bf00000, 0x000000008c000000, 0x000000008c000000|100%| O|  |TAMS 0x000000008c000000| PB 0x000000008bf00000| Untracked 
|  28|0x000000008c000000, 0x000000008c100000, 0x000000008c100000|100%| O|  |TAMS 0x000000008c100000| PB 0x000000008c000000| Untracked 
|  29|0x000000008c100000, 0x000000008c200000, 0x000000008c200000|100%| O|  |TAMS 0x000000008c200000| PB 0x000000008c100000| Untracked 
|  30|0x000000008c200000, 0x000000008c300000, 0x000000008c300000|100%| O|  |TAMS 0x000000008c300000| PB 0x000000008c200000| Untracked 
|  31|0x000000008c300000, 0x000000008c400000, 0x000000008c400000|100%| O|  |TAMS 0x000000008c400000| PB 0x000000008c300000| Untracked 
|  32|0x000000008c400000, 0x000000008c500000, 0x000000008c500000|100%| O|  |TAMS 0x000000008c500000| PB 0x000000008c400000| Untracked 
|  33|0x000000008c500000, 0x000000008c600000, 0x000000008c600000|100%| O|  |TAMS 0x000000008c600000| PB 0x000000008c500000| Untracked 
|  34|0x000000008c600000, 0x000000008c700000, 0x000000008c700000|100%| O|  |TAMS 0x000000008c700000| PB 0x000000008c600000| Untracked 
|  35|0x000000008c700000, 0x000000008c800000, 0x000000008c800000|100%| O|  |TAMS 0x000000008c800000| PB 0x000000008c700000| Untracked 
|  36|0x000000008c800000, 0x000000008c900000, 0x000000008c900000|100%| O|  |TAMS 0x000000008c900000| PB 0x000000008c800000| Untracked 
|  37|0x000000008c900000, 0x000000008ca00000, 0x000000008ca00000|100%| O|  |TAMS 0x000000008ca00000| PB 0x000000008c900000| Untracked 
|  38|0x000000008ca00000, 0x000000008ca00000, 0x000000008cb00000|  0%| F|  |TAMS 0x000000008ca00000| PB 0x000000008ca00000| Untracked 
|  39|0x000000008cb00000, 0x000000008cc00000, 0x000000008cc00000|100%| O|  |TAMS 0x000000008cc00000| PB 0x000000008cb00000| Untracked 
|  40|0x000000008cc00000, 0x000000008cd00000, 0x000000008cd00000|100%| O|  |TAMS 0x000000008cd00000| PB 0x000000008cc00000| Untracked 
|  41|0x000000008cd00000, 0x000000008ce00000, 0x000000008ce00000|100%| O|  |TAMS 0x000000008ce00000| PB 0x000000008cd00000| Untracked 
|  42|0x000000008ce00000, 0x000000008cf00000, 0x000000008cf00000|100%| O|  |TAMS 0x000000008cf00000| PB 0x000000008ce00000| Untracked 
|  43|0x000000008cf00000, 0x000000008d000000, 0x000000008d000000|100%| O|  |TAMS 0x000000008d000000| PB 0x000000008cf00000| Untracked 
|  44|0x000000008d000000, 0x000000008d100000, 0x000000008d100000|100%| O|  |TAMS 0x000000008d100000| PB 0x000000008d000000| Untracked 
|  45|0x000000008d100000, 0x000000008d200000, 0x000000008d200000|100%| O|  |TAMS 0x000000008d200000| PB 0x000000008d100000| Untracked 
|  46|0x000000008d200000, 0x000000008d300000, 0x000000008d300000|100%| O|  |TAMS 0x000000008d300000| PB 0x000000008d200000| Untracked 
|  47|0x000000008d300000, 0x000000008d400000, 0x000000008d400000|100%| O|  |TAMS 0x000000008d400000| PB 0x000000008d300000| Untracked 
|  48|0x000000008d400000, 0x000000008d500000, 0x000000008d500000|100%| O|  |TAMS 0x000000008d500000| PB 0x000000008d400000| Untracked 
|  49|0x000000008d500000, 0x000000008d600000, 0x000000008d600000|100%| O|  |TAMS 0x000000008d600000| PB 0x000000008d500000| Untracked 
|  50|0x000000008d600000, 0x000000008d700000, 0x000000008d700000|100%| O|  |TAMS 0x000000008d700000| PB 0x000000008d600000| Untracked 
|  51|0x000000008d700000, 0x000000008d700000, 0x000000008d800000|  0%| F|  |TAMS 0x000000008d700000| PB 0x000000008d700000| Untracked 
|  52|0x000000008d800000, 0x000000008d800000, 0x000000008d900000|  0%| F|  |TAMS 0x000000008d800000| PB 0x000000008d800000| Untracked 
|  53|0x000000008d900000, 0x000000008da00000, 0x000000008da00000|100%| O|  |TAMS 0x000000008da00000| PB 0x000000008d900000| Untracked 
|  54|0x000000008da00000, 0x000000008db00000, 0x000000008db00000|100%| O|  |TAMS 0x000000008db00000| PB 0x000000008da00000| Untracked 
|  55|0x000000008db00000, 0x000000008dc00000, 0x000000008dc00000|100%| O|  |TAMS 0x000000008dc00000| PB 0x000000008db00000| Untracked 
|  56|0x000000008dc00000, 0x000000008dd00000, 0x000000008dd00000|100%| O|  |TAMS 0x000000008dd00000| PB 0x000000008dc00000| Untracked 
|  57|0x000000008dd00000, 0x000000008de00000, 0x000000008de00000|100%| O|  |TAMS 0x000000008de00000| PB 0x000000008dd00000| Untracked 
|  58|0x000000008de00000, 0x000000008df00000, 0x000000008df00000|100%| O|  |TAMS 0x000000008df00000| PB 0x000000008de00000| Untracked 
|  59|0x000000008df00000, 0x000000008e000000, 0x000000008e000000|100%| O|  |TAMS 0x000000008e000000| PB 0x000000008df00000| Untracked 
|  60|0x000000008e000000, 0x000000008e100000, 0x000000008e100000|100%| O|  |TAMS 0x000000008e100000| PB 0x000000008e000000| Untracked 
|  61|0x000000008e100000, 0x000000008e200000, 0x000000008e200000|100%| O|  |TAMS 0x000000008e200000| PB 0x000000008e100000| Untracked 
|  62|0x000000008e200000, 0x000000008e300000, 0x000000008e300000|100%| O|  |TAMS 0x000000008e300000| PB 0x000000008e200000| Untracked 
|  63|0x000000008e300000, 0x000000008e400000, 0x000000008e400000|100%| O|  |TAMS 0x000000008e400000| PB 0x000000008e300000| Untracked 
|  64|0x000000008e400000, 0x000000008e500000, 0x000000008e500000|100%| O|  |TAMS 0x000000008e500000| PB 0x000000008e400000| Untracked 
|  65|0x000000008e500000, 0x000000008e600000, 0x000000008e600000|100%| O|  |TAMS 0x000000008e600000| PB 0x000000008e500000| Untracked 
|  66|0x000000008e600000, 0x000000008e700000, 0x000000008e700000|100%| O|  |TAMS 0x000000008e700000| PB 0x000000008e600000| Untracked 
|  67|0x000000008e700000, 0x000000008e800000, 0x000000008e800000|100%| O|  |TAMS 0x000000008e800000| PB 0x000000008e700000| Untracked 
|  68|0x000000008e800000, 0x000000008e900000, 0x000000008e900000|100%| O|  |TAMS 0x000000008e900000| PB 0x000000008e800000| Untracked 
|  69|0x000000008e900000, 0x000000008e900000, 0x000000008ea00000|  0%| F|  |TAMS 0x000000008e900000| PB 0x000000008e900000| Untracked 
|  70|0x000000008ea00000, 0x000000008ea00000, 0x000000008eb00000|  0%| F|  |TAMS 0x000000008ea00000| PB 0x000000008ea00000| Untracked 
|  71|0x000000008eb00000, 0x000000008eb00000, 0x000000008ec00000|  0%| F|  |TAMS 0x000000008eb00000| PB 0x000000008eb00000| Untracked 
|  72|0x000000008ec00000, 0x000000008ec00000, 0x000000008ed00000|  0%| F|  |TAMS 0x000000008ec00000| PB 0x000000008ec00000| Untracked 
|  73|0x000000008ed00000, 0x000000008ed00000, 0x000000008ee00000|  0%| F|  |TAMS 0x000000008ed00000| PB 0x000000008ed00000| Untracked 
|  74|0x000000008ee00000, 0x000000008ee00000, 0x000000008ef00000|  0%| F|  |TAMS 0x000000008ee00000| PB 0x000000008ee00000| Untracked 
|  75|0x000000008ef00000, 0x000000008ef00000, 0x000000008f000000|  0%| F|  |TAMS 0x000000008ef00000| PB 0x000000008ef00000| Untracked 
|  76|0x000000008f000000, 0x000000008f000000, 0x000000008f100000|  0%| F|  |TAMS 0x000000008f000000| PB 0x000000008f000000| Untracked 
|  77|0x000000008f100000, 0x000000008f100000, 0x000000008f200000|  0%| F|  |TAMS 0x000000008f100000| PB 0x000000008f100000| Untracked 
|  78|0x000000008f200000, 0x000000008f200000, 0x000000008f300000|  0%| F|  |TAMS 0x000000008f200000| PB 0x000000008f200000| Untracked 
|  79|0x000000008f300000, 0x000000008f300000, 0x000000008f400000|  0%| F|  |TAMS 0x000000008f300000| PB 0x000000008f300000| Untracked 
|  80|0x000000008f400000, 0x000000008f400000, 0x000000008f500000|  0%| F|  |TAMS 0x000000008f400000| PB 0x000000008f400000| Untracked 
|  81|0x000000008f500000, 0x000000008f500000, 0x000000008f600000|  0%| F|  |TAMS 0x000000008f500000| PB 0x000000008f500000| Untracked 
|  82|0x000000008f600000, 0x000000008f700000, 0x000000008f700000|100%| O|  |TAMS 0x000000008f700000| PB 0x000000008f600000| Untracked 
|  83|0x000000008f700000, 0x000000008f800000, 0x000000008f800000|100%| O|  |TAMS 0x000000008f800000| PB 0x000000008f700000| Untracked 
|  84|0x000000008f800000, 0x000000008f900000, 0x000000008f900000|100%| O|  |TAMS 0x000000008f900000| PB 0x000000008f800000| Untracked 
|  85|0x000000008f900000, 0x000000008fa00000, 0x000000008fa00000|100%| O|  |TAMS 0x000000008fa00000| PB 0x000000008f900000| Untracked 
|  86|0x000000008fa00000, 0x000000008fb00000, 0x000000008fb00000|100%| O|  |TAMS 0x000000008fb00000| PB 0x000000008fa00000| Untracked 
|  87|0x000000008fb00000, 0x000000008fb00000, 0x000000008fc00000|  0%| F|  |TAMS 0x000000008fb00000| PB 0x000000008fb00000| Untracked 
|  88|0x000000008fc00000, 0x000000008fc00000, 0x000000008fd00000|  0%| F|  |TAMS 0x000000008fc00000| PB 0x000000008fc00000| Untracked 
|  89|0x000000008fd00000, 0x000000008fd819c0, 0x000000008fe00000| 50%| S|CS|TAMS 0x000000008fd00000| PB 0x000000008fd00000| Complete 
|  90|0x000000008fe00000, 0x000000008fe00000, 0x000000008ff00000|  0%| F|  |TAMS 0x000000008fe00000| PB 0x000000008fe00000| Untracked 
|  91|0x000000008ff00000, 0x000000008ff00000, 0x0000000090000000|  0%| F|  |TAMS 0x000000008ff00000| PB 0x000000008ff00000| Untracked 
|  92|0x0000000090000000, 0x0000000090000000, 0x0000000090100000|  0%| F|  |TAMS 0x0000000090000000| PB 0x0000000090000000| Untracked 
|  93|0x0000000090100000, 0x0000000090100000, 0x0000000090200000|  0%| F|  |TAMS 0x0000000090100000| PB 0x0000000090100000| Untracked 
|  94|0x0000000090200000, 0x0000000090200000, 0x0000000090300000|  0%| F|  |TAMS 0x0000000090200000| PB 0x0000000090200000| Untracked 
|  95|0x0000000090300000, 0x0000000090300000, 0x0000000090400000|  0%| F|  |TAMS 0x0000000090300000| PB 0x0000000090300000| Untracked 
|  96|0x0000000090400000, 0x0000000090400000, 0x0000000090500000|  0%| F|  |TAMS 0x0000000090400000| PB 0x0000000090400000| Untracked 
|  97|0x0000000090500000, 0x0000000090500000, 0x0000000090600000|  0%| F|  |TAMS 0x0000000090500000| PB 0x0000000090500000| Untracked 
|  98|0x0000000090600000, 0x0000000090600000, 0x0000000090700000|  0%| F|  |TAMS 0x0000000090600000| PB 0x0000000090600000| Untracked 
|  99|0x0000000090700000, 0x0000000090700000, 0x0000000090800000|  0%| F|  |TAMS 0x0000000090700000| PB 0x0000000090700000| Untracked 
| 100|0x0000000090800000, 0x0000000090800000, 0x0000000090900000|  0%| F|  |TAMS 0x0000000090800000| PB 0x0000000090800000| Untracked 
| 101|0x0000000090900000, 0x0000000090900000, 0x0000000090a00000|  0%| F|  |TAMS 0x0000000090900000| PB 0x0000000090900000| Untracked 
| 102|0x0000000090a00000, 0x0000000090a00000, 0x0000000090b00000|  0%| F|  |TAMS 0x0000000090a00000| PB 0x0000000090a00000| Untracked 
| 103|0x0000000090b00000, 0x0000000090b00000, 0x0000000090c00000|  0%| F|  |TAMS 0x0000000090b00000| PB 0x0000000090b00000| Untracked 
| 104|0x0000000090c00000, 0x0000000090c00000, 0x0000000090d00000|  0%| F|  |TAMS 0x0000000090c00000| PB 0x0000000090c00000| Untracked 
| 105|0x0000000090d00000, 0x0000000090d00000, 0x0000000090e00000|  0%| F|  |TAMS 0x0000000090d00000| PB 0x0000000090d00000| Untracked 
| 106|0x0000000090e00000, 0x0000000090e00000, 0x0000000090f00000|  0%| F|  |TAMS 0x0000000090e00000| PB 0x0000000090e00000| Untracked 
| 107|0x0000000090f00000, 0x0000000090f00000, 0x0000000091000000|  0%| F|  |TAMS 0x0000000090f00000| PB 0x0000000090f00000| Untracked 
| 108|0x0000000091000000, 0x0000000091000000, 0x0000000091100000|  0%| F|  |TAMS 0x0000000091000000| PB 0x0000000091000000| Untracked 
| 109|0x0000000091100000, 0x0000000091100000, 0x0000000091200000|  0%| F|  |TAMS 0x0000000091100000| PB 0x0000000091100000| Untracked 
| 110|0x0000000091200000, 0x0000000091200000, 0x0000000091300000|  0%| F|  |TAMS 0x0000000091200000| PB 0x0000000091200000| Untracked 
| 111|0x0000000091300000, 0x0000000091300000, 0x0000000091400000|  0%| F|  |TAMS 0x0000000091300000| PB 0x0000000091300000| Untracked 
| 112|0x0000000091400000, 0x0000000091400000, 0x0000000091500000|  0%| F|  |TAMS 0x0000000091400000| PB 0x0000000091400000| Untracked 
| 113|0x0000000091500000, 0x0000000091500000, 0x0000000091600000|  0%| F|  |TAMS 0x0000000091500000| PB 0x0000000091500000| Untracked 
| 114|0x0000000091600000, 0x0000000091600000, 0x0000000091700000|  0%| F|  |TAMS 0x0000000091600000| PB 0x0000000091600000| Untracked 
| 115|0x0000000091700000, 0x0000000091700000, 0x0000000091800000|  0%| F|  |TAMS 0x0000000091700000| PB 0x0000000091700000| Untracked 
| 116|0x0000000091800000, 0x0000000091800000, 0x0000000091900000|  0%| F|  |TAMS 0x0000000091800000| PB 0x0000000091800000| Untracked 
| 117|0x0000000091900000, 0x0000000091900000, 0x0000000091a00000|  0%| F|  |TAMS 0x0000000091900000| PB 0x0000000091900000| Untracked 
| 118|0x0000000091a00000, 0x0000000091a00000, 0x0000000091b00000|  0%| F|  |TAMS 0x0000000091a00000| PB 0x0000000091a00000| Untracked 
| 119|0x0000000091b00000, 0x0000000091b00000, 0x0000000091c00000|  0%| F|  |TAMS 0x0000000091b00000| PB 0x0000000091b00000| Untracked 
| 120|0x0000000091c00000, 0x0000000091c00000, 0x0000000091d00000|  0%| F|  |TAMS 0x0000000091c00000| PB 0x0000000091c00000| Untracked 
| 121|0x0000000091d00000, 0x0000000091d00000, 0x0000000091e00000|  0%| F|  |TAMS 0x0000000091d00000| PB 0x0000000091d00000| Untracked 
| 122|0x0000000091e00000, 0x0000000091e00000, 0x0000000091f00000|  0%| F|  |TAMS 0x0000000091e00000| PB 0x0000000091e00000| Untracked 
| 123|0x0000000091f00000, 0x0000000091f00000, 0x0000000092000000|  0%| F|  |TAMS 0x0000000091f00000| PB 0x0000000091f00000| Untracked 
| 124|0x0000000092000000, 0x0000000092000000, 0x0000000092100000|  0%| F|  |TAMS 0x0000000092000000| PB 0x0000000092000000| Untracked 
| 125|0x0000000092100000, 0x0000000092100000, 0x0000000092200000|  0%| F|  |TAMS 0x0000000092100000| PB 0x0000000092100000| Untracked 
| 126|0x0000000092200000, 0x0000000092200000, 0x0000000092300000|  0%| F|  |TAMS 0x0000000092200000| PB 0x0000000092200000| Untracked 
| 127|0x0000000092300000, 0x0000000092300000, 0x0000000092400000|  0%| F|  |TAMS 0x0000000092300000| PB 0x0000000092300000| Untracked 
| 128|0x0000000092400000, 0x0000000092400000, 0x0000000092500000|  0%| F|  |TAMS 0x0000000092400000| PB 0x0000000092400000| Untracked 
| 129|0x0000000092500000, 0x0000000092500000, 0x0000000092600000|  0%| F|  |TAMS 0x0000000092500000| PB 0x0000000092500000| Untracked 
| 130|0x0000000092600000, 0x0000000092600000, 0x0000000092700000|  0%| F|  |TAMS 0x0000000092600000| PB 0x0000000092600000| Untracked 
| 131|0x0000000092700000, 0x0000000092700000, 0x0000000092800000|  0%| F|  |TAMS 0x0000000092700000| PB 0x0000000092700000| Untracked 
| 132|0x0000000092800000, 0x0000000092800000, 0x0000000092900000|  0%| F|  |TAMS 0x0000000092800000| PB 0x0000000092800000| Untracked 
| 133|0x0000000092900000, 0x0000000092900000, 0x0000000092a00000|  0%| F|  |TAMS 0x0000000092900000| PB 0x0000000092900000| Untracked 
| 134|0x0000000092a00000, 0x0000000092a00000, 0x0000000092b00000|  0%| F|  |TAMS 0x0000000092a00000| PB 0x0000000092a00000| Untracked 
| 135|0x0000000092b00000, 0x0000000092b00000, 0x0000000092c00000|  0%| F|  |TAMS 0x0000000092b00000| PB 0x0000000092b00000| Untracked 
| 136|0x0000000092c00000, 0x0000000092c00000, 0x0000000092d00000|  0%| F|  |TAMS 0x0000000092c00000| PB 0x0000000092c00000| Untracked 
| 137|0x0000000092d00000, 0x0000000092d00000, 0x0000000092e00000|  0%| F|  |TAMS 0x0000000092d00000| PB 0x0000000092d00000| Untracked 
| 138|0x0000000092e00000, 0x0000000092e00000, 0x0000000092f00000|  0%| F|  |TAMS 0x0000000092e00000| PB 0x0000000092e00000| Untracked 
| 139|0x0000000092f00000, 0x0000000092f00000, 0x0000000093000000|  0%| F|  |TAMS 0x0000000092f00000| PB 0x0000000092f00000| Untracked 
| 140|0x0000000093000000, 0x0000000093000000, 0x0000000093100000|  0%| F|  |TAMS 0x0000000093000000| PB 0x0000000093000000| Untracked 
| 141|0x0000000093100000, 0x0000000093100000, 0x0000000093200000|  0%| F|  |TAMS 0x0000000093100000| PB 0x0000000093100000| Untracked 
| 142|0x0000000093200000, 0x0000000093200000, 0x0000000093300000|  0%| F|  |TAMS 0x0000000093200000| PB 0x0000000093200000| Untracked 
| 143|0x0000000093300000, 0x0000000093300000, 0x0000000093400000|  0%| F|  |TAMS 0x0000000093300000| PB 0x0000000093300000| Untracked 
| 144|0x0000000093400000, 0x0000000093400000, 0x0000000093500000|  0%| F|  |TAMS 0x0000000093400000| PB 0x0000000093400000| Untracked 
| 145|0x0000000093500000, 0x0000000093500000, 0x0000000093600000|  0%| F|  |TAMS 0x0000000093500000| PB 0x0000000093500000| Untracked 
| 146|0x0000000093600000, 0x0000000093600000, 0x0000000093700000|  0%| F|  |TAMS 0x0000000093600000| PB 0x0000000093600000| Untracked 
| 147|0x0000000093700000, 0x0000000093700000, 0x0000000093800000|  0%| F|  |TAMS 0x0000000093700000| PB 0x0000000093700000| Untracked 
| 148|0x0000000093800000, 0x0000000093800000, 0x0000000093900000|  0%| F|  |TAMS 0x0000000093800000| PB 0x0000000093800000| Untracked 
| 149|0x0000000093900000, 0x0000000093900000, 0x0000000093a00000|  0%| F|  |TAMS 0x0000000093900000| PB 0x0000000093900000| Untracked 
| 150|0x0000000093a00000, 0x0000000093a00000, 0x0000000093b00000|  0%| F|  |TAMS 0x0000000093a00000| PB 0x0000000093a00000| Untracked 
| 151|0x0000000093b00000, 0x0000000093b00000, 0x0000000093c00000|  0%| F|  |TAMS 0x0000000093b00000| PB 0x0000000093b00000| Untracked 
| 152|0x0000000093c00000, 0x0000000093c00000, 0x0000000093d00000|  0%| F|  |TAMS 0x0000000093c00000| PB 0x0000000093c00000| Untracked 
| 153|0x0000000093d00000, 0x0000000093d00000, 0x0000000093e00000|  0%| F|  |TAMS 0x0000000093d00000| PB 0x0000000093d00000| Untracked 
| 154|0x0000000093e00000, 0x0000000093e00000, 0x0000000093f00000|  0%| F|  |TAMS 0x0000000093e00000| PB 0x0000000093e00000| Untracked 
| 155|0x0000000093f00000, 0x0000000093f00000, 0x0000000094000000|  0%| F|  |TAMS 0x0000000093f00000| PB 0x0000000093f00000| Untracked 
| 156|0x0000000094000000, 0x0000000094000000, 0x0000000094100000|  0%| F|  |TAMS 0x0000000094000000| PB 0x0000000094000000| Untracked 
| 157|0x0000000094100000, 0x0000000094100000, 0x0000000094200000|  0%| F|  |TAMS 0x0000000094100000| PB 0x0000000094100000| Untracked 
| 158|0x0000000094200000, 0x0000000094200000, 0x0000000094300000|  0%| F|  |TAMS 0x0000000094200000| PB 0x0000000094200000| Untracked 
| 159|0x0000000094300000, 0x0000000094300000, 0x0000000094400000|  0%| F|  |TAMS 0x0000000094300000| PB 0x0000000094300000| Untracked 
| 160|0x0000000094400000, 0x0000000094400000, 0x0000000094500000|  0%| F|  |TAMS 0x0000000094400000| PB 0x0000000094400000| Untracked 
| 161|0x0000000094500000, 0x0000000094500000, 0x0000000094600000|  0%| F|  |TAMS 0x0000000094500000| PB 0x0000000094500000| Untracked 
| 162|0x0000000094600000, 0x0000000094600000, 0x0000000094700000|  0%| F|  |TAMS 0x0000000094600000| PB 0x0000000094600000| Untracked 
| 163|0x0000000094700000, 0x0000000094700000, 0x0000000094800000|  0%| F|  |TAMS 0x0000000094700000| PB 0x0000000094700000| Untracked 
| 164|0x0000000094800000, 0x0000000094800000, 0x0000000094900000|  0%| F|  |TAMS 0x0000000094800000| PB 0x0000000094800000| Untracked 
| 165|0x0000000094900000, 0x0000000094900000, 0x0000000094a00000|  0%| F|  |TAMS 0x0000000094900000| PB 0x0000000094900000| Untracked 
| 166|0x0000000094a00000, 0x0000000094a00000, 0x0000000094b00000|  0%| F|  |TAMS 0x0000000094a00000| PB 0x0000000094a00000| Untracked 
| 167|0x0000000094b00000, 0x0000000094b00000, 0x0000000094c00000|  0%| F|  |TAMS 0x0000000094b00000| PB 0x0000000094b00000| Untracked 
| 168|0x0000000094c00000, 0x0000000094c00000, 0x0000000094d00000|  0%| F|  |TAMS 0x0000000094c00000| PB 0x0000000094c00000| Untracked 
| 169|0x0000000094d00000, 0x0000000094d00000, 0x0000000094e00000|  0%| F|  |TAMS 0x0000000094d00000| PB 0x0000000094d00000| Untracked 
| 170|0x0000000094e00000, 0x0000000094e00000, 0x0000000094f00000|  0%| F|  |TAMS 0x0000000094e00000| PB 0x0000000094e00000| Untracked 
| 171|0x0000000094f00000, 0x0000000094f00000, 0x0000000095000000|  0%| F|  |TAMS 0x0000000094f00000| PB 0x0000000094f00000| Untracked 
| 172|0x0000000095000000, 0x0000000095000000, 0x0000000095100000|  0%| F|  |TAMS 0x0000000095000000| PB 0x0000000095000000| Untracked 
| 173|0x0000000095100000, 0x0000000095100000, 0x0000000095200000|  0%| F|  |TAMS 0x0000000095100000| PB 0x0000000095100000| Untracked 
| 174|0x0000000095200000, 0x0000000095200000, 0x0000000095300000|  0%| F|  |TAMS 0x0000000095200000| PB 0x0000000095200000| Untracked 
| 175|0x0000000095300000, 0x0000000095300000, 0x0000000095400000|  0%| F|  |TAMS 0x0000000095300000| PB 0x0000000095300000| Untracked 
| 176|0x0000000095400000, 0x0000000095400000, 0x0000000095500000|  0%| F|  |TAMS 0x0000000095400000| PB 0x0000000095400000| Untracked 
| 177|0x0000000095500000, 0x0000000095500000, 0x0000000095600000|  0%| F|  |TAMS 0x0000000095500000| PB 0x0000000095500000| Untracked 
| 178|0x0000000095600000, 0x0000000095600000, 0x0000000095700000|  0%| F|  |TAMS 0x0000000095600000| PB 0x0000000095600000| Untracked 
| 179|0x0000000095700000, 0x0000000095700000, 0x0000000095800000|  0%| F|  |TAMS 0x0000000095700000| PB 0x0000000095700000| Untracked 
| 180|0x0000000095800000, 0x0000000095800000, 0x0000000095900000|  0%| F|  |TAMS 0x0000000095800000| PB 0x0000000095800000| Untracked 
| 181|0x0000000095900000, 0x0000000095900000, 0x0000000095a00000|  0%| F|  |TAMS 0x0000000095900000| PB 0x0000000095900000| Untracked 
| 182|0x0000000095a00000, 0x0000000095a00000, 0x0000000095b00000|  0%| F|  |TAMS 0x0000000095a00000| PB 0x0000000095a00000| Untracked 
| 183|0x0000000095b00000, 0x0000000095b00000, 0x0000000095c00000|  0%| F|  |TAMS 0x0000000095b00000| PB 0x0000000095b00000| Untracked 
|1878|0x00000000ffa00000, 0x00000000ffa00000, 0x00000000ffb00000|  0%| F|  |TAMS 0x00000000ffa00000| PB 0x00000000ffa00000| Untracked 
|1879|0x00000000ffb00000, 0x00000000ffb00000, 0x00000000ffc00000|  0%| F|  |TAMS 0x00000000ffb00000| PB 0x00000000ffb00000| Untracked 

Card table byte_map: [0x000001acf6dd0000,0x000001acf7180000] _byte_map_base: 0x000001acf697e000

Marking Bits: (CMBitMap*) 0x000001aceb2a3110
 Bits: [0x000001acf7180000, 0x000001acf8ef0000)

Polling page: 0x000001ace9200000

Metaspace:

Usage:
  Non-class:     33.46 MB used.
      Class:      5.06 MB used.
       Both:     38.52 MB used.

Virtual space:
  Non-class space:       64.00 MB reserved,      34.00 MB ( 53%) committed,  1 nodes.
      Class space:        1.00 GB reserved,       5.44 MB ( <1%) committed,  1 nodes.
             Both:        1.06 GB reserved,      39.44 MB (  4%) committed. 

Chunk freelists:
   Non-Class:  13.54 MB
       Class:  10.66 MB
        Both:  24.20 MB

MaxMetaspaceSize: unlimited
CompressedClassSpaceSize: 1.00 GB
Initial GC threshold: 21.00 MB
Current GC threshold: 65.62 MB
CDS: on
 - commit_granule_bytes: 65536.
 - commit_granule_words: 8192.
 - virtual_space_node_default_size: 8388608.
 - enlarge_chunks_in_place: 1.
 - use_allocation_guard: 0.


Internal statistics:

num_allocs_failed_limit: 3.
num_arena_births: 960.
num_arena_deaths: 406.
num_vsnodes_births: 2.
num_vsnodes_deaths: 0.
num_space_committed: 631.
num_space_uncommitted: 0.
num_chunks_returned_to_freelist: 484.
num_chunks_taken_from_freelist: 2359.
num_chunk_merges: 108.
num_chunk_splits: 1554.
num_chunks_enlarged: 1070.
num_inconsistent_stats: 0.

CodeCache: size=49152Kb used=7498Kb max_used=12421Kb free=41653Kb
 bounds [0x000001acf36e0000, 0x000001acf4310000, 0x000001acf66e0000]
 total_blobs=3802 nmethods=3163 adapters=562
 compilation: enabled
              stopped_count=0, restarted_count=0
 full_count=0

Compilation events (20 events):
Event: 790.925 Thread 0x000001acc74318b0 6084       1       java.util.concurrent.ConcurrentLinkedDeque::skipDeletedPredecessors (87 bytes)
Event: 790.927 Thread 0x000001acc74318b0 nmethod 6084 0x000001acf391c310 code [0x000001acf391c540, 0x000001acf391cb80]
Event: 790.997 Thread 0x000001acc74318b0 6085       1       org.apache.tomcat.util.buf.C2BConverter::convert (447 bytes)
Event: 791.004 Thread 0x000001acc74318b0 nmethod 6085 0x000001acf3d4a990 code [0x000001acf3d4aec0, 0x000001acf3d4ca40]
Event: 791.008 Thread 0x000001acc74318b0 6086       1       org.apache.catalina.connector.OutputBuffer::flushByteBuffer (20 bytes)
Event: 791.009 Thread 0x000001acc74318b0 nmethod 6086 0x000001acf3887f10 code [0x000001acf38880e0, 0x000001acf3888268]
Event: 791.144 Thread 0x000001acfbbcf2c0 6087   !   1       java.io.FileInputStream::available (24 bytes)
Event: 791.144 Thread 0x000001acfbbcf2c0 nmethod 6087 0x000001acf38ae210 code [0x000001acf38ae3e0, 0x000001acf38ae560]
Event: 791.171 Thread 0x000001acfbbcf2c0 6088       1       sun.nio.cs.UTF_8$Encoder::encodeArrayLoopSlow (377 bytes)
Event: 791.174 Thread 0x000001acfbbcf2c0 nmethod 6088 0x000001acf40fa310 code [0x000001acf40fa6a0, 0x000001acf40fb2b0]
Event: 791.661 Thread 0x000001acfbbcf2c0 6089       1       java.nio.HeapCharBuffer::slice (49 bytes)
Event: 791.661 Thread 0x000001acc74318b0 6091       1       org.apache.catalina.connector.OutputBuffer::realWriteChars (83 bytes)
Event: 791.662 Thread 0x000001acfbbcf2c0 nmethod 6089 0x000001acf3867710 code [0x000001acf38678c0, 0x000001acf3867b10]
Event: 791.662 Thread 0x000001acfbbcf2c0 6090       1       java.nio.HeapCharBuffer::<init> (31 bytes)
Event: 791.663 Thread 0x000001acc74318b0 nmethod 6091 0x000001acf388e310 code [0x000001acf388e540, 0x000001acf388e8b8]
Event: 791.663 Thread 0x000001acfbbcf2c0 nmethod 6090 0x000001acf388d590 code [0x000001acf388d740, 0x000001acf388d8e0]
Event: 791.708 Thread 0x000001acfbbcf2c0 6092       1       org.apache.coyote.http11.filters.ChunkedOutputFilter::doWrite (87 bytes)
Event: 791.709 Thread 0x000001acfbbcf2c0 nmethod 6092 0x000001acf3898110 code [0x000001acf3898320, 0x000001acf38985e8]
Event: 791.716 Thread 0x000001acfbbcf2c0 6093       1       org.apache.coyote.http11.filters.ChunkedOutputFilter::calculateChunkHeader (42 bytes)
Event: 791.716 Thread 0x000001acfbbcf2c0 nmethod 6093 0x000001acf393bb10 code [0x000001acf393bcc0, 0x000001acf393be70]

GC Heap History (20 events):
Event: 784.992 GC heap after
{Heap after GC invocations=39 (full 0):
 garbage-first heap   total 167936K, used 38568K [0x000000008a400000, 0x0000000100000000)
  region size 1024K, 1 young (1024K), 1 survivors (1024K)
 Metaspace       used 39445K, committed 40384K, reserved 1114112K
  class space    used 5181K, committed 5568K, reserved 1048576K
}
Event: 785.950 GC heap before
{Heap before GC invocations=39 (full 0):
 garbage-first heap   total 167936K, used 137896K [0x000000008a400000, 0x0000000100000000)
  region size 1024K, 98 young (100352K), 1 survivors (1024K)
 Metaspace       used 39445K, committed 40384K, reserved 1114112K
  class space    used 5181K, committed 5568K, reserved 1048576K
}
Event: 785.956 GC heap after
{Heap after GC invocations=40 (full 0):
 garbage-first heap   total 167936K, used 38632K [0x000000008a400000, 0x0000000100000000)
  region size 1024K, 1 young (1024K), 1 survivors (1024K)
 Metaspace       used 39445K, committed 40384K, reserved 1114112K
  class space    used 5181K, committed 5568K, reserved 1048576K
}
Event: 788.173 GC heap before
{Heap before GC invocations=41 (full 0):
 garbage-first heap   total 147456K, used 125672K [0x000000008a400000, 0x0000000100000000)
  region size 1024K, 86 young (88064K), 1 survivors (1024K)
 Metaspace       used 39445K, committed 40384K, reserved 1114112K
  class space    used 5181K, committed 5568K, reserved 1048576K
}
Event: 788.189 GC heap after
{Heap after GC invocations=42 (full 0):
 garbage-first heap   total 190464K, used 50641K [0x000000008a400000, 0x0000000100000000)
  region size 1024K, 11 young (11264K), 11 survivors (11264K)
 Metaspace       used 39445K, committed 40384K, reserved 1114112K
  class space    used 5181K, committed 5568K, reserved 1048576K
}
Event: 788.844 GC heap before
{Heap before GC invocations=42 (full 0):
 garbage-first heap   total 190464K, used 152017K [0x000000008a400000, 0x0000000100000000)
  region size 1024K, 111 young (113664K), 11 survivors (11264K)
 Metaspace       used 39445K, committed 40384K, reserved 1114112K
  class space    used 5181K, committed 5568K, reserved 1048576K
}
Event: 788.866 GC heap after
{Heap after GC invocations=43 (full 0):
 garbage-first heap   total 190464K, used 62073K [0x000000008a400000, 0x0000000100000000)
  region size 1024K, 13 young (13312K), 13 survivors (13312K)
 Metaspace       used 39445K, committed 40384K, reserved 1114112K
  class space    used 5181K, committed 5568K, reserved 1048576K
}
Event: 789.316 GC heap before
{Heap before GC invocations=43 (full 0):
 garbage-first heap   total 190464K, used 162425K [0x000000008a400000, 0x0000000100000000)
  region size 1024K, 111 young (113664K), 13 survivors (13312K)
 Metaspace       used 39445K, committed 40384K, reserved 1114112K
  class space    used 5181K, committed 5568K, reserved 1048576K
}
Event: 789.328 GC heap after
{Heap after GC invocations=44 (full 0):
 garbage-first heap   total 190464K, used 64427K [0x000000008a400000, 0x0000000100000000)
  region size 1024K, 2 young (2048K), 2 survivors (2048K)
 Metaspace       used 39445K, committed 40384K, reserved 1114112K
  class space    used 5181K, committed 5568K, reserved 1048576K
}
Event: 789.822 GC heap before
{Heap before GC invocations=45 (full 0):
 garbage-first heap   total 190464K, used 159659K [0x000000008a400000, 0x0000000100000000)
  region size 1024K, 104 young (106496K), 2 survivors (2048K)
 Metaspace       used 39445K, committed 40384K, reserved 1114112K
  class space    used 5181K, committed 5568K, reserved 1048576K
}
Event: 789.825 GC heap after
{Heap after GC invocations=46 (full 0):
 garbage-first heap   total 190464K, used 53729K [0x000000008a400000, 0x0000000100000000)
  region size 1024K, 1 young (1024K), 1 survivors (1024K)
 Metaspace       used 39445K, committed 40384K, reserved 1114112K
  class space    used 5181K, committed 5568K, reserved 1048576K
}
Event: 790.293 GC heap before
{Heap before GC invocations=46 (full 0):
 garbage-first heap   total 190464K, used 165345K [0x000000008a400000, 0x0000000100000000)
  region size 1024K, 111 young (113664K), 1 survivors (1024K)
 Metaspace       used 39445K, committed 40384K, reserved 1114112K
  class space    used 5181K, committed 5568K, reserved 1048576K
}
Event: 790.307 GC heap after
{Heap after GC invocations=47 (full 0):
 garbage-first heap   total 190464K, used 62420K [0x000000008a400000, 0x0000000100000000)
  region size 1024K, 13 young (13312K), 13 survivors (13312K)
 Metaspace       used 39445K, committed 40384K, reserved 1114112K
  class space    used 5181K, committed 5568K, reserved 1048576K
}
Event: 790.851 GC heap before
{Heap before GC invocations=47 (full 0):
 garbage-first heap   total 190464K, used 162772K [0x000000008a400000, 0x0000000100000000)
  region size 1024K, 111 young (113664K), 13 survivors (13312K)
 Metaspace       used 39445K, committed 40384K, reserved 1114112K
  class space    used 5181K, committed 5568K, reserved 1048576K
}
Event: 790.865 GC heap after
{Heap after GC invocations=48 (full 0):
 garbage-first heap   total 190464K, used 66560K [0x000000008a400000, 0x0000000100000000)
  region size 1024K, 4 young (4096K), 4 survivors (4096K)
 Metaspace       used 39445K, committed 40384K, reserved 1114112K
  class space    used 5181K, committed 5568K, reserved 1048576K
}
Event: 791.277 GC heap before
{Heap before GC invocations=49 (full 0):
 garbage-first heap   total 190464K, used 168960K [0x000000008a400000, 0x0000000100000000)
  region size 1024K, 104 young (106496K), 4 survivors (4096K)
 Metaspace       used 39445K, committed 40384K, reserved 1114112K
  class space    used 5181K, committed 5568K, reserved 1048576K
}
Event: 791.291 GC heap after
{Heap after GC invocations=50 (full 0):
 garbage-first heap   total 190464K, used 75421K [0x000000008a400000, 0x0000000100000000)
  region size 1024K, 13 young (13312K), 13 survivors (13312K)
 Metaspace       used 39445K, committed 40384K, reserved 1114112K
  class space    used 5181K, committed 5568K, reserved 1048576K
}
Event: 791.549 GC heap before
{Heap before GC invocations=50 (full 0):
 garbage-first heap   total 190464K, used 166557K [0x000000008a400000, 0x0000000100000000)
  region size 1024K, 102 young (104448K), 13 survivors (13312K)
 Metaspace       used 39445K, committed 40384K, reserved 1114112K
  class space    used 5181K, committed 5568K, reserved 1048576K
}
Event: 791.567 GC heap after
{Heap after GC invocations=51 (full 0):
 garbage-first heap   total 190464K, used 74488K [0x000000008a400000, 0x0000000100000000)
  region size 1024K, 2 young (2048K), 2 survivors (2048K)
 Metaspace       used 39445K, committed 40384K, reserved 1114112K
  class space    used 5181K, committed 5568K, reserved 1048576K
}
Event: 791.845 GC heap before
{Heap before GC invocations=51 (full 0):
 garbage-first heap   total 190464K, used 170744K [0x000000008a400000, 0x0000000100000000)
  region size 1024K, 96 young (98304K), 2 survivors (2048K)
 Metaspace       used 39445K, committed 40384K, reserved 1114112K
  class space    used 5181K, committed 5568K, reserved 1048576K
}

Dll operation events (9 events):
Event: 0.014 Loaded shared library C:\Program Files\Java\jdk-21\bin\java.dll
Event: 0.194 Loaded shared library C:\Program Files\Java\jdk-21\bin\jimage.dll
Event: 0.204 Loaded shared library C:\Program Files\Java\jdk-21\bin\net.dll
Event: 0.207 Loaded shared library C:\Program Files\Java\jdk-21\bin\nio.dll
Event: 0.212 Loaded shared library C:\Program Files\Java\jdk-21\bin\zip.dll
Event: 0.278 Loaded shared library C:\Program Files\Java\jdk-21\bin\management.dll
Event: 0.300 Loaded shared library C:\Program Files\Java\jdk-21\bin\management_ext.dll
Event: 0.771 Loaded shared library C:\Program Files\Java\jdk-21\bin\extnet.dll
Event: 2.656 Loaded shared library C:\Program Files\Java\jdk-21\bin\sunmscapi.dll

Deoptimization events (2 events):
Event: 431.426 Thread 0x000001acc6abca90 DEOPT PACKING pc=0x000001acf39c82ac sp=0x0000004ffe0fc200
Event: 431.427 Thread 0x000001acc6abca90 DEOPT UNPACKING pc=0x000001acf3734e42 sp=0x0000004ffe0fb6a8 mode 0

Classes loaded (20 events):
Event: 58.680 Loading class java/io/PushbackInputStream
Event: 58.680 Loading class java/io/PushbackInputStream done
Event: 58.684 Loading class java/time/Instant$1
Event: 58.684 Loading class java/time/Instant$1 done
Event: 58.787 Loading class java/io/OutputStream$1
Event: 58.787 Loading class java/io/OutputStream$1 done
Event: 58.926 Loading class java/lang/invoke/SerializedLambda
Event: 58.927 Loading class java/lang/invoke/SerializedLambda done
Event: 58.937 Loading class java/util/concurrent/locks/AbstractQueuedSynchronizer$SharedNode
Event: 58.938 Loading class java/util/concurrent/locks/AbstractQueuedSynchronizer$SharedNode done
Event: 58.958 Loading class java/util/AbstractMap$SimpleEntry
Event: 58.958 Loading class java/util/AbstractMap$SimpleEntry done
Event: 61.687 Loading class java/util/LinkedList$DescendingIterator
Event: 61.688 Loading class java/util/LinkedList$DescendingIterator done
Event: 431.526 Loading class sun/reflect/generics/tree/IntSignature
Event: 431.531 Loading class sun/reflect/generics/tree/IntSignature done
Event: 774.658 Loading class java/util/LinkedList$LLSpliterator
Event: 774.684 Loading class java/util/LinkedList$LLSpliterator done
Event: 782.021 Loading class jdk/internal/ValueBased
Event: 782.023 Loading class jdk/internal/ValueBased done

Classes unloaded (20 events):
Event: 775.128 Thread 0x000001acfbb9dcf0 Unloading class 0x000001ac810c1800 'java/lang/invoke/LambdaForm$MH+0x000001ac810c1800'
Event: 775.128 Thread 0x000001acfbb9dcf0 Unloading class 0x000001ac810c1000 'jdk/internal/reflect/GeneratedSerializationConstructorAccessor3'
Event: 775.128 Thread 0x000001acfbb9dcf0 Unloading class 0x000001ac810c0c00 'jdk/internal/reflect/GeneratedSerializationConstructorAccessor2'
Event: 775.128 Thread 0x000001acfbb9dcf0 Unloading class 0x000001ac810c0800 'jdk/internal/reflect/GeneratedSerializationConstructorAccessor1'
Event: 775.128 Thread 0x000001acfbb9dcf0 Unloading class 0x000001ac81009c00 'java/lang/invoke/LambdaForm$MH+0x000001ac81009c00'
Event: 775.128 Thread 0x000001acfbb9dcf0 Unloading class 0x000001ac81008400 'java/lang/invoke/LambdaForm$MH+0x000001ac81008400'
Event: 775.129 Thread 0x000001acfbb9dcf0 Unloading class 0x000001ac81007800 'java/lang/invoke/LambdaForm$MH+0x000001ac81007800'
Event: 775.130 Thread 0x000001acfbb9dcf0 Unloading class 0x000001ac81007400 'java/lang/invoke/LambdaForm$MH+0x000001ac81007400'
Event: 775.130 Thread 0x000001acfbb9dcf0 Unloading class 0x000001ac81007000 'java/lang/invoke/LambdaForm$MH+0x000001ac81007000'
Event: 775.130 Thread 0x000001acfbb9dcf0 Unloading class 0x000001ac81006800 'java/lang/invoke/LambdaForm$MH+0x000001ac81006800'
Event: 775.130 Thread 0x000001acfbb9dcf0 Unloading class 0x000001ac81005c00 'java/lang/invoke/LambdaForm$MH+0x000001ac81005c00'
Event: 775.130 Thread 0x000001acfbb9dcf0 Unloading class 0x000001ac81004800 'java/lang/invoke/LambdaForm$MH+0x000001ac81004800'
Event: 775.130 Thread 0x000001acfbb9dcf0 Unloading class 0x000001ac81004400 'java/lang/invoke/LambdaForm$MH+0x000001ac81004400'
Event: 775.130 Thread 0x000001acfbb9dcf0 Unloading class 0x000001ac81003c00 'java/lang/invoke/LambdaForm$MH+0x000001ac81003c00'
Event: 775.130 Thread 0x000001acfbb9dcf0 Unloading class 0x000001ac81003000 'java/lang/invoke/LambdaForm$MH+0x000001ac81003000'
Event: 775.130 Thread 0x000001acfbb9dcf0 Unloading class 0x000001ac81002800 'java/lang/invoke/LambdaForm$MH+0x000001ac81002800'
Event: 775.130 Thread 0x000001acfbb9dcf0 Unloading class 0x000001ac81002000 'java/lang/invoke/LambdaForm$MH+0x000001ac81002000'
Event: 775.131 Thread 0x000001acfbb9dcf0 Unloading class 0x000001ac81001800 'java/lang/invoke/LambdaForm$MH+0x000001ac81001800'
Event: 783.136 Thread 0x000001acfbb9dcf0 Unloading class 0x000001ac81510400 'java/lang/invoke/LambdaForm$MH+0x000001ac81510400'
Event: 783.136 Thread 0x000001acfbb9dcf0 Unloading class 0x000001ac81528c00 'java/lang/invoke/LambdaForm$MH+0x000001ac81528c00'

Classes redefined (0 events):
No events

Internal exceptions (20 events):
Event: 54.952 Thread 0x000001acc6739e30 Exception <a 'java/lang/NoSuchMethodError'{0x000000008ca93ec8}: 'java.lang.Object java.lang.invoke.DirectMethodHandle$Holder.invokeStaticInit(java.lang.Object, java.lang.Object, int)'> (0x000000008ca93ec8) 
thrown [s\open\src\hotspot\share\interpreter\linkResolver.cpp, line 773]
Event: 54.952 Thread 0x000001acc6739e30 Exception <a 'java/lang/NoSuchMethodError'{0x000000008ca99a00}: 'java.lang.Object java.lang.invoke.DirectMethodHandle$Holder.newInvokeSpecial(java.lang.Object, java.lang.Object, int)'> (0x000000008ca99a00) 
thrown [s\open\src\hotspot\share\interpreter\linkResolver.cpp, line 773]
Event: 55.011 Thread 0x000001acc6739e30 Exception <a 'sun/nio/fs/WindowsException'{0x000000008cae7058}> (0x000000008cae7058) 
thrown [s\open\src\hotspot\share\prims\jni.cpp, line 520]
Event: 55.503 Thread 0x000001acc6739e30 Exception <a 'java/lang/NoSuchMethodError'{0x000000008be11098}: 'void java.lang.invoke.DirectMethodHandle$Holder.invokeStatic(java.lang.Object, java.lang.Object, java.lang.Object, java.lang.Object, java.lang.Object, java.lang.Object, java.lang.Object)'> (0x000000008be11098) 
thrown [s\open\src\hotspot\share\interpreter\linkResolver.cpp, line 773]
Event: 55.589 Thread 0x000001acc6abc400 Exception <a 'java/lang/NoSuchMethodError'{0x000000008c087558}: 'int java.lang.invoke.DirectMethodHandle$Holder.invokeStatic(java.lang.Object, int, java.lang.Object)'> (0x000000008c087558) 
thrown [s\open\src\hotspot\share\interpreter\linkResolver.cpp, line 773]
Event: 58.648 Thread 0x000001acc6d2d4d0 Exception <a 'java/lang/NoSuchMethodError'{0x000000008bdcfe80}: 'java.lang.Object java.lang.invoke.DirectMethodHandle$Holder.newInvokeSpecial(java.lang.Object, java.lang.Object, long, java.lang.Object, java.lang.Object, java.lang.Object)'> (0x000000008bdcfe80) 
thrown [s\open\src\hotspot\share\interpreter\linkResolver.cpp, line 773]
Event: 58.648 Thread 0x000001acc6ac12c0 Exception <a 'java/lang/NoSuchMethodError'{0x000000008bdd1c70}: 'java.lang.Object java.lang.invoke.DirectMethodHandle$Holder.newInvokeSpecial(java.lang.Object, java.lang.Object, long, java.lang.Object, java.lang.Object, java.lang.Object)'> (0x000000008bdd1c70) 
thrown [s\open\src\hotspot\share\interpreter\linkResolver.cpp, line 773]
Event: 58.649 Thread 0x000001acc6ac12c0 Exception <a 'java/lang/NoSuchMethodError'{0x000000008bdd91c0}: 'java.lang.Object java.lang.invoke.Invokers$Holder.linkToTargetMethod(java.lang.Object, long, java.lang.Object, java.lang.Object, java.lang.Object, java.lang.Object)'> (0x000000008bdd91c0) 
thrown [s\open\src\hotspot\share\interpreter\linkResolver.cpp, line 773]
Event: 58.649 Thread 0x000001acc6d2d4d0 Exception <a 'java/lang/NoSuchMethodError'{0x000000008bde0898}: 'java.lang.Object java.lang.invoke.Invokers$Holder.linkToTargetMethod(java.lang.Object, long, java.lang.Object, java.lang.Object, java.lang.Object, java.lang.Object)'> (0x000000008bde0898) 
thrown [s\open\src\hotspot\share\interpreter\linkResolver.cpp, line 773]
Event: 58.960 Thread 0x000001acc6739e30 Exception <a 'java/io/IOException'{0x000000008f7112f0}> (0x000000008f7112f0) 
thrown [s\open\src\hotspot\share\prims\jni.cpp, line 520]
Event: 58.982 Thread 0x000001acc6739e30 Exception <a 'java/io/IOException'{0x000000008f733050}> (0x000000008f733050) 
thrown [s\open\src\hotspot\share\prims\jni.cpp, line 520]
Event: 775.643 Thread 0x000001acc673a4c0 Exception <a 'java/io/IOException'{0x0000000090bd7598}> (0x0000000090bd7598) 
thrown [s\open\src\hotspot\share\prims\jni.cpp, line 520]
Event: 775.643 Thread 0x000001acc6abf1f0 Exception <a 'java/io/IOException'{0x0000000090bb6db0}> (0x0000000090bb6db0) 
thrown [s\open\src\hotspot\share\prims\jni.cpp, line 520]
Event: 781.737 Thread 0x000001acc673b870 Exception <a 'java/io/IOException'{0x000000008f20f740}> (0x000000008f20f740) 
thrown [s\open\src\hotspot\share\prims\jni.cpp, line 520]
Event: 782.272 Thread 0x000001acc6abf1f0 Exception <a 'java/io/IOException'{0x0000000093ec73c8}> (0x0000000093ec73c8) 
thrown [s\open\src\hotspot\share\prims\jni.cpp, line 520]
Event: 782.296 Thread 0x000001acc673a4c0 Exception <a 'java/io/IOException'{0x0000000093a9c2f8}> (0x0000000093a9c2f8) 
thrown [s\open\src\hotspot\share\prims\jni.cpp, line 520]
Event: 786.657 Thread 0x000001acc673b870 Exception <a 'java/io/IOException'{0x000000008f8fecb0}> (0x000000008f8fecb0) 
thrown [s\open\src\hotspot\share\prims\jni.cpp, line 520]
Event: 788.131 Thread 0x000001acc6abca90 Exception <a 'java/io/IOException'{0x000000008df08538}> (0x000000008df08538) 
thrown [s\open\src\hotspot\share\prims\jni.cpp, line 520]
Event: 788.617 Thread 0x000001acc673b1e0 Exception <a 'java/io/IOException'{0x000000009200a038}> (0x000000009200a038) 
thrown [s\open\src\hotspot\share\prims\jni.cpp, line 520]
Event: 791.170 Thread 0x000001acc6abde40 Exception <a 'java/io/IOException'{0x0000000091efa498}> (0x0000000091efa498) 
thrown [s\open\src\hotspot\share\prims\jni.cpp, line 520]

ZGC Phase Switch (0 events):
No events

VM Operations (20 events):
Event: 789.328 Executing VM operation: G1CollectForAllocation (G1 Evacuation Pause) done
Event: 789.375 Executing VM operation: G1PauseRemark
Event: 789.379 Executing VM operation: G1PauseRemark done
Event: 789.419 Executing VM operation: G1PauseCleanup
Event: 789.419 Executing VM operation: G1PauseCleanup done
Event: 789.822 Executing VM operation: G1CollectForAllocation (G1 Evacuation Pause)
Event: 789.826 Executing VM operation: G1CollectForAllocation (G1 Evacuation Pause) done
Event: 790.292 Executing VM operation: G1CollectForAllocation (G1 Evacuation Pause)
Event: 790.308 Executing VM operation: G1CollectForAllocation (G1 Evacuation Pause) done
Event: 790.850 Executing VM operation: G1CollectForAllocation (G1 Evacuation Pause)
Event: 790.866 Executing VM operation: G1CollectForAllocation (G1 Evacuation Pause) done
Event: 790.934 Executing VM operation: G1PauseRemark
Event: 790.944 Executing VM operation: G1PauseRemark done
Event: 791.007 Executing VM operation: G1PauseCleanup
Event: 791.008 Executing VM operation: G1PauseCleanup done
Event: 791.277 Executing VM operation: G1CollectForAllocation (G1 Evacuation Pause)
Event: 791.291 Executing VM operation: G1CollectForAllocation (G1 Evacuation Pause) done
Event: 791.549 Executing VM operation: G1CollectForAllocation (G1 Evacuation Pause)
Event: 791.567 Executing VM operation: G1CollectForAllocation (G1 Evacuation Pause) done
Event: 791.845 Executing VM operation: G1CollectForAllocation (G1 Evacuation Pause)

Events (20 events):
Event: 786.017 Thread 0x000001acfbb9dcf0 flushing nmethod 0x000001acf406ec10
Event: 786.551 Thread 0x000001acc6de4820 Thread exited: 0x000001acc6de4820
Event: 786.552 Thread 0x000001acc744a470 Thread exited: 0x000001acc744a470
Event: 787.895 Thread 0x000001acc6dd4fd0 Thread added: 0x000001acc6dd4fd0
Event: 788.074 Thread 0x000001acc6dd70a0 Thread added: 0x000001acc6dd70a0
Event: 788.408 Thread 0x000001acc6dd7730 Thread added: 0x000001acc6dd7730
Event: 788.595 Thread 0x000001acc6dd5660 Thread added: 0x000001acc6dd5660
Event: 789.381 Thread 0x000001acc6dd7dc0 Thread exited: 0x000001acc6dd7dc0
Event: 789.381 Thread 0x000001acc6dd8450 Thread exited: 0x000001acc6dd8450
Event: 789.381 Thread 0x000001acc6dd4fd0 Thread exited: 0x000001acc6dd4fd0
Event: 789.381 Thread 0x000001acc6dd5660 Thread exited: 0x000001acc6dd5660
Event: 789.381 Thread 0x000001acc6dd7730 Thread exited: 0x000001acc6dd7730
Event: 789.381 Thread 0x000001acc6dd70a0 Thread exited: 0x000001acc6dd70a0
Event: 790.049 Thread 0x000001acc6dd7730 Thread added: 0x000001acc6dd7730
Event: 790.263 Thread 0x000001acc6dd4fd0 Thread added: 0x000001acc6dd4fd0
Event: 790.661 Thread 0x000001acc6dd5660 Thread added: 0x000001acc6dd5660
Event: 790.948 Thread 0x000001acc6dd9800 Thread exited: 0x000001acc6dd9800
Event: 790.948 Thread 0x000001acc6dd4fd0 Thread exited: 0x000001acc6dd4fd0
Event: 790.949 Thread 0x000001acc6dd7730 Thread exited: 0x000001acc6dd7730
Event: 791.138 Thread 0x000001acc6dd5cf0 Thread added: 0x000001acc6dd5cf0


Dynamic libraries:
0x00007ff61e440000 - 0x00007ff61e450000 	C:\Program Files\Java\jdk-21\bin\javaw.exe
0x00007ffa3c000000 - 0x00007ffa3c267000 	C:\WINDOWS\SYSTEM32\ntdll.dll
0x00007ffa3ab20000 - 0x00007ffa3abe9000 	C:\WINDOWS\System32\KERNEL32.DLL
0x00007ffa39820000 - 0x00007ffa39c14000 	C:\WINDOWS\System32\KERNELBASE.dll
0x00007ffa395f0000 - 0x00007ffa3973b000 	C:\WINDOWS\System32\ucrtbase.dll
0x00007ffa293d0000 - 0x00007ffa293eb000 	C:\Program Files\Java\jdk-21\bin\VCRUNTIME140.dll
0x00007ffa293b0000 - 0x00007ffa293c9000 	C:\Program Files\Java\jdk-21\bin\jli.dll
0x00007ffa3aed0000 - 0x00007ffa3af86000 	C:\WINDOWS\System32\ADVAPI32.dll
0x00007ffa3af90000 - 0x00007ffa3b039000 	C:\WINDOWS\System32\msvcrt.dll
0x00007ffa3a5e0000 - 0x00007ffa3a687000 	C:\WINDOWS\System32\sechost.dll
0x00007ffa3b0a0000 - 0x00007ffa3b1b8000 	C:\WINDOWS\System32\RPCRT4.dll
0x00007ffa39d90000 - 0x00007ffa39f55000 	C:\WINDOWS\System32\USER32.dll
0x00007ffa39740000 - 0x00007ffa39767000 	C:\WINDOWS\System32\win32u.dll
0x00007ffa26120000 - 0x00007ffa263b3000 	C:\WINDOWS\WinSxS\amd64_microsoft.windows.common-controls_6595b64144ccf1df_6.0.26100.8115_none_3e075c82e3354f9c\COMCTL32.dll
0x00007ffa3a340000 - 0x00007ffa3a36b000 	C:\WINDOWS\System32\GDI32.dll
0x00007ffa39140000 - 0x00007ffa3926a000 	C:\WINDOWS\System32\gdi32full.dll
0x00007ffa39c20000 - 0x00007ffa39cc3000 	C:\WINDOWS\System32\msvcp_win.dll
0x00007ffa30930000 - 0x00007ffa3093b000 	C:\WINDOWS\SYSTEM32\VERSION.dll
0x00007ffa3bc80000 - 0x00007ffa3bcb2000 	C:\WINDOWS\System32\IMM32.DLL
0x00007ffa32500000 - 0x00007ffa3250c000 	C:\Program Files\Java\jdk-21\bin\vcruntime140_1.dll
0x00007ff9e8490000 - 0x00007ff9e851e000 	C:\Program Files\Java\jdk-21\bin\msvcp140.dll
0x00007ff972990000 - 0x00007ff9736ad000 	C:\Program Files\Java\jdk-21\bin\server\jvm.dll
0x00007ffa3a3f0000 - 0x00007ffa3a470000 	C:\WINDOWS\System32\WS2_32.dll
0x00007ffa38730000 - 0x00007ffa3878e000 	C:\WINDOWS\SYSTEM32\POWRPROF.dll
0x00007ffa308f0000 - 0x00007ffa30926000 	C:\WINDOWS\SYSTEM32\WINMM.dll
0x00007ffa38710000 - 0x00007ffa38724000 	C:\WINDOWS\SYSTEM32\UMPDC.dll
0x00007ffa37660000 - 0x00007ffa3767b000 	C:\WINDOWS\SYSTEM32\kernel.appcore.dll
0x00007ffa30950000 - 0x00007ffa3095a000 	C:\Program Files\Java\jdk-21\bin\jimage.dll
0x00007ffa2cdf0000 - 0x00007ffa2d032000 	C:\WINDOWS\SYSTEM32\DBGHELP.DLL
0x00007ffa39f60000 - 0x00007ffa3a2e2000 	C:\WINDOWS\System32\combase.dll
0x00007ffa3b1d0000 - 0x00007ffa3b2a7000 	C:\WINDOWS\System32\OLEAUT32.dll
0x00007ffa23fa0000 - 0x00007ffa23fdb000 	C:\WINDOWS\SYSTEM32\dbgcore.DLL
0x00007ffa39770000 - 0x00007ffa39815000 	C:\WINDOWS\System32\bcryptPrimitives.dll
0x00007ffa29260000 - 0x00007ffa2927f000 	C:\Program Files\Java\jdk-21\bin\java.dll
0x00007ffa3b320000 - 0x00007ffa3ba86000 	C:\WINDOWS\System32\SHELL32.dll
0x00007ffa39480000 - 0x00007ffa395ea000 	C:\WINDOWS\System32\wintypes.dll
0x00007ffa388d0000 - 0x00007ffa39135000 	C:\WINDOWS\System32\windows.storage.dll
0x00007ffa3be90000 - 0x00007ffa3bf87000 	C:\WINDOWS\System32\SHCORE.dll
0x00007ffa3b2b0000 - 0x00007ffa3b316000 	C:\WINDOWS\System32\shlwapi.dll
0x00007ffa387f0000 - 0x00007ffa38819000 	C:\WINDOWS\SYSTEM32\profapi.dll
0x00007ffa29b90000 - 0x00007ffa29ba0000 	C:\Program Files\Java\jdk-21\bin\net.dll
0x00007ffa30e60000 - 0x00007ffa30f8d000 	C:\WINDOWS\SYSTEM32\WINHTTP.dll
0x00007ffa37bd0000 - 0x00007ffa37c3c000 	C:\WINDOWS\system32\mswsock.dll
0x00007ffa29010000 - 0x00007ffa29026000 	C:\Program Files\Java\jdk-21\bin\nio.dll
0x00007ffa28ef0000 - 0x00007ffa28f08000 	C:\Program Files\Java\jdk-21\bin\zip.dll
0x00007ffa29240000 - 0x00007ffa2924a000 	C:\Program Files\Java\jdk-21\bin\management.dll
0x00007ffa29180000 - 0x00007ffa2918b000 	C:\Program Files\Java\jdk-21\bin\management_ext.dll
0x00007ffa3bcc0000 - 0x00007ffa3bcc8000 	C:\WINDOWS\System32\PSAPI.DLL
0x00007ffa22c70000 - 0x00007ffa22c88000 	C:\WINDOWS\system32\napinsp.dll
0x00007ffa37060000 - 0x00007ffa37192000 	C:\WINDOWS\SYSTEM32\DNSAPI.dll
0x00007ffa37020000 - 0x00007ffa37052000 	C:\WINDOWS\SYSTEM32\IPHLPAPI.DLL
0x00007ffa3bc70000 - 0x00007ffa3bc7a000 	C:\WINDOWS\System32\NSI.dll
0x00007ffa22c30000 - 0x00007ffa22c43000 	C:\WINDOWS\System32\winrnr.dll
0x00007ffa31180000 - 0x00007ffa31196000 	C:\WINDOWS\system32\wshbth.dll
0x00007ffa22c00000 - 0x00007ffa22c22000 	C:\WINDOWS\system32\nlansp_c.dll
0x00007ffa2ffc0000 - 0x00007ffa2ffcb000 	C:\Windows\System32\rasadhlp.dll
0x00007ffa2db90000 - 0x00007ffa2dc16000 	C:\WINDOWS\System32\fwpuclnt.dll
0x00007ffa37eb0000 - 0x00007ffa37ecb000 	C:\WINDOWS\SYSTEM32\CRYPTSP.dll
0x00007ffa375c0000 - 0x00007ffa375f9000 	C:\WINDOWS\system32\rsaenh.dll
0x00007ffa37c80000 - 0x00007ffa37cb3000 	C:\WINDOWS\SYSTEM32\USERENV.dll
0x00007ffa387c0000 - 0x00007ffa387ea000 	C:\WINDOWS\SYSTEM32\bcrypt.dll
0x00007ffa37ed0000 - 0x00007ffa37edc000 	C:\WINDOWS\SYSTEM32\CRYPTBASE.dll
0x00007ffa29060000 - 0x00007ffa29069000 	C:\Program Files\Java\jdk-21\bin\extnet.dll
0x00007ffa29000000 - 0x00007ffa2900e000 	C:\Program Files\Java\jdk-21\bin\sunmscapi.dll
0x00007ffa39270000 - 0x00007ffa393e7000 	C:\WINDOWS\System32\CRYPT32.dll
0x00007ffa380d0000 - 0x00007ffa38100000 	C:\WINDOWS\SYSTEM32\ncrypt.dll
0x00007ffa38080000 - 0x00007ffa380bf000 	C:\WINDOWS\SYSTEM32\NTASN1.dll
0x00007ffa04d00000 - 0x00007ffa04d08000 	C:\WINDOWS\system32\wshunix.dll

dbghelp: loaded successfully - version: 4.0.5 - missing functions: none
symbol engine: initialized successfully - sym options: 0x614 - pdb path: .;C:\Program Files\Java\jdk-21\bin;C:\WINDOWS\SYSTEM32;C:\WINDOWS\WinSxS\amd64_microsoft.windows.common-controls_6595b64144ccf1df_6.0.26100.8115_none_3e075c82e3354f9c;C:\Program Files\Java\jdk-21\bin\server

VM Arguments:
jvm_args: -Dcom.sun.management.jmxremote -Dcom.sun.management.jmxremote.port=50061 -Dcom.sun.management.jmxremote.authenticate=false -Dcom.sun.management.jmxremote.ssl=false -Djava.rmi.server.hostname=localhost -Dspring.jmx.enabled=true -Dmanagement.endpoints.jmx.exposure.include=* -Dspring.application.admin.enabled=true -Dspring.output.ansi.enabled=always -XX:TieredStopAtLevel=1 -Dspring.boot.project.name=film-rental-store-frontend -Dfile.encoding=UTF-8 -Dstdout.encoding=UTF-8 -Dstderr.encoding=UTF-8 -XX:+ShowCodeDetailsInExceptionMessages 
java_command: com.filmrental.frontend.FrontendApplication
java_class_path (initial): E:\film-rental-store-frontend\target\classes;C:\Users\ACER\.m2\repository\org\springframework\boot\spring-boot-starter-web\3.2.4\spring-boot-starter-web-3.2.4.jar;C:\Users\ACER\.m2\repository\org\springframework\boot\spring-boot-starter\3.2.4\spring-boot-starter-3.2.4.jar;C:\Users\ACER\.m2\repository\org\springframework\boot\spring-boot\3.2.4\spring-boot-3.2.4.jar;C:\Users\ACER\.m2\repository\org\springframework\boot\spring-boot-autoconfigure\3.2.4\spring-boot-autoconfigure-3.2.4.jar;C:\Users\ACER\.m2\repository\org\springframework\boot\spring-boot-starter-logging\3.2.4\spring-boot-starter-logging-3.2.4.jar;C:\Users\ACER\.m2\repository\ch\qos\logback\logback-classic\1.4.14\logback-classic-1.4.14.jar;C:\Users\ACER\.m2\repository\ch\qos\logback\logback-core\1.4.14\logback-core-1.4.14.jar;C:\Users\ACER\.m2\repository\org\apache\logging\log4j\log4j-to-slf4j\2.21.1\log4j-to-slf4j-2.21.1.jar;C:\Users\ACER\.m2\repository\org\apache\logging\log4j\log4j-api\2.21.1\log4j-api-2.21.1.jar;C:\Users\ACER\.m2\repository\org\slf4j\jul-to-slf4j\2.0.12\jul-to-slf4j-2.0.12.jar;C:\Users\ACER\.m2\repository\jakarta\annotation\jakarta.annotation-api\2.1.1\jakarta.annotation-api-2.1.1.jar;C:\Users\ACER\.m2\repository\org\yaml\snakeyaml\2.2\snakeyaml-2.2.jar;C:\Users\ACER\.m2\repository\org\springframework\boot\spring-boot-starter-json\3.2.4\spring-boot-starter-json-3.2.4.jar;C:\Users\ACER\.m2\repository\com\fasterxml\jackson\core\jackson-databind\2.15.4\jackson-databind-2.15.4.jar;C:\Users\ACER\.m2\repository\com\fasterxml\jackson\core\jackson-annotations\2.15.4\jackson-annotations-2.15.4.jar;C:\Users\ACER\.m2\repository\com\fasterxml\jackson\core\jackson-core\2.15.4\jackson-core-2.15.4.jar;C:\Users\ACER\.m2\repository\com\fasterxml\jackson\datatype\jackson-datatype-jdk8\2.15.4\jackson-datatype-jdk8-2.15.4.jar;C:\Users\ACER\.m2\repository\com\fasterxml\jackson\datatype\jackson-datatype-jsr310\2.15.4\jackson-datatype-jsr310-2.15.4.jar;C:\Users\ACER\.m2\repository\com\fasterxml\jackson\module\jackson-module-parameter-names\2.15.4\jackson-module-parameter-names-2.15.4.jar;C:\Users\ACER\.m2\repository\org\springframework\boot\spring-boot-starter-tomcat\3.2.4\spring-boot-starter-tomcat-3.2.4.jar;C:\Users\ACER\.m2\repository\org\apache\tomcat\embed\tomcat-embed-core\10.1.19\tomcat-embed-core-10.1.19.jar;C:\Users\ACER\.m2\repository\org\apache\tomcat\embed\tomcat-embed-el\10.1.19\tomcat-embed-el-10.1.19.jar;C:\Users\ACER\.m2\repository\org\apache\tomcat\embed\tomcat-embed-websocket\10.1.19\tomcat-embed-websocket-10.1.19.jar;C:\Users\ACER\.m2\repository\org\springframework\spring-web\6.1.5\spring-web-6.1.5.jar;C:\Users\ACER\.m2\repository\org\springframework\spring-beans\6.1.5\spring-beans-6.1.5.jar;C:\Users\ACER\.m2\repository\io\micrometer\micrometer-observation\1.12.4\micrometer-observation-1.12.4.jar;C:\Users\ACER\.m2\repository\io\micrometer\micrometer-commons\1.12.4\micrometer-commons-1.12.4.jar;C:\Users\ACER\.m2\repository\org\springframework\spring-webmvc\6.1.5\spring-webmvc-6.1.5.jar;C:\Users\ACER\.m2\repository\org\springframework\spring-aop\6.1.5\spring-aop-6.1.5.jar;C:\Users\ACER\.m2\repository\org\springframework\spring-context\6.1.5\spring-context-6.1.5.jar;C:\Users\ACER\.m2\repository\org\springframework\spring-expression\6.1.5\spring-expression-6.1.5.jar;C:\Users\ACER\.m2\repository\org\springframework\boot\spring-boot-starter-thymeleaf\3.2.4\spring-boot-starter-thymeleaf-3.2.4.jar;C:\Users\ACER\.m2\repository\org\thymeleaf\thymeleaf-spring6\3.1.2.RELEASE\thymeleaf-spring6-3.1.2.RELEASE.jar;C:\Users\ACER\.m2\repository\org\thymeleaf\thymeleaf\3.1.2.RELEASE\thymeleaf-3.1.2.RELEASE.jar;C:\Users\ACER\.m2\repository\org\attoparser\attoparser\2.0.7.RELEASE\attoparser-2.0.7.RELEASE.jar;C:\Users\ACER\.m2\repository\org\unbescape\unbescape\1.1.6.RELEASE\unbescape-1.1.6.RELEASE.jar;C:\Users\ACER\.m2\repository\org\slf4j\slf4j-api\2.0.12\slf4j-api-2.0.12.jar;C:\Users\ACER\.m2\repository\org\projectlombok\lombok\1.18.30\lombok-1.18.30.jar;C:\Users\ACER\.m2\repository\org\springframework\spring-core\6.1.5\spring-core-6.1.5.jar;C:\Users\ACER\.m2\repository\org\springframework\spring-jcl\6.1.5\spring-jcl-6.1.5.jar
Launcher Type: SUN_STANDARD

[Global flags]
     intx CICompilerCount                          = 4                                         {product} {ergonomic}
     uint ConcGCThreads                            = 3                                         {product} {ergonomic}
     uint G1ConcRefinementThreads                  = 10                                        {product} {ergonomic}
   size_t G1HeapRegionSize                         = 1048576                                   {product} {ergonomic}
    uintx GCDrainStackTargetSize                   = 64                                        {product} {ergonomic}
   size_t InitialHeapSize                          = 123731968                                 {product} {ergonomic}
     bool ManagementServer                         = true                                      {product} {command line}
   size_t MarkStackSize                            = 4194304                                   {product} {ergonomic}
   size_t MaxHeapSize                              = 1975517184                                {product} {ergonomic}
   size_t MaxNewSize                               = 1184890880                                {product} {ergonomic}
   size_t MinHeapDeltaBytes                        = 1048576                                   {product} {ergonomic}
   size_t MinHeapSize                              = 8388608                                   {product} {ergonomic}
    uintx NonNMethodCodeHeapSize                   = 4096                                   {pd product} {ergonomic}
    uintx NonProfiledCodeHeapSize                  = 0                                      {pd product} {ergonomic}
     bool ProfileInterpreter                       = false                                  {pd product} {command line}
    uintx ProfiledCodeHeapSize                     = 0                                      {pd product} {ergonomic}
     bool ShowCodeDetailsInExceptionMessages       = true                                   {manageable} {command line}
   size_t SoftMaxHeapSize                          = 1975517184                             {manageable} {ergonomic}
     intx TieredStopAtLevel                        = 1                                         {product} {command line}
     bool UseCompressedOops                        = true                           {product lp64_product} {ergonomic}
     bool UseG1GC                                  = true                                      {product} {ergonomic}
     bool UseLargePagesIndividualAllocation        = false                                  {pd product} {ergonomic}

Logging:
Log output configuration:
 #0: stdout all=warning uptime,level,tags foldmultilines=false
 #1: stderr all=off uptime,level,tags foldmultilines=false

Environment Variables:
JAVA_HOME=C:\Program Files\Java\jdk-21
PATH=C:/spring-tools-for-eclipse-5.1.1.RELEASE-e4.39.0-win32.win32.x86_64/sts-5.1.1.RELEASE//plugins/org.eclipse.justj.openjdk.hotspot.jre.full.win32.x86_64_25.0.2.v20260203-1141/jre/bin/server;C:/spring-tools-for-eclipse-5.1.1.RELEASE-e4.39.0-win32.win32.x86_64/sts-5.1.1.RELEASE//plugins/org.eclipse.justj.openjdk.hotspot.jre.full.win32.x86_64_25.0.2.v20260203-1141/jre/bin;C:\Program Files\Common Files\Oracle\Java\javapath;C:\Program Files\Python313\Scripts\;C:\Program Files\Python313\;C:\WINDOWS\system32;C:\WINDOWS;C:\WINDOWS\System32\Wbem;C:\WINDOWS\System32\WindowsPowerShell\v1.0\;C:\WINDOWS\System32\OpenSSH\;C:\Program Files\Java\jdk-25\bin;C:\Program Files\nodejs\;C:\Program Files\MySQL\MySQL Server 8.0\bin;C:\Program Files\apache-maven-3.9.12\bin;C:\Program Files\Java\jdk-21\bin;C:\Program Files\Docker\Docker\resources\bin;C:\Program Files\Git\cmd;C:\Users\ACER\AppData\Local\Microsoft\WindowsApps;C:\Users\ACER\AppData\Roaming\npm;C:\Users\ACER\AppData\Local\Programs\Kiro\bin;C:\Users\ACER\AppData\Local\Programs\Microsoft VS Code\bin;C:\Users\ACER\AppData\Local\Programs\Antigravity\bin;C:\spring-tools-for-eclipse-5.1.1.RELEASE-e4.39.0-win32.win32.x86_64\sts-5.1.1.RELEASE;
USERNAME=ACER
OS=Windows_NT
PROCESSOR_IDENTIFIER=AMD64 Family 23 Model 104 Stepping 1, AuthenticAMD
TMP=C:\Users\ACER\AppData\Local\Temp
TEMP=C:\Users\ACER\AppData\Local\Temp




Periodic native trim disabled

---------------  S Y S T E M  ---------------

OS:
 Windows 11 , 64 bit Build 26100 (10.0.26100.8115)
OS uptime: 8 days 18:33 hours
Hyper-V role detected

CPU: total 12 (initial active 12) (12 cores per cpu, 2 threads per core) family 23 model 104 stepping 1 microcode 0x8608102, cx8, cmov, fxsr, ht, mmx, 3dnowpref, sse, sse2, sse3, ssse3, sse4a, sse4.1, sse4.2, popcnt, lzcnt, tsc, tscinvbit, avx, avx2, aes, clmul, bmi1, bmi2, adx, sha, fma, vzeroupper, clflush, clflushopt, hv, rdtscp, rdpid, f16c
Processor Information for processor 0
  Max Mhz: 2100, Current Mhz: 1813, Mhz Limit: 2100
Processor Information for processor 1
  Max Mhz: 2100, Current Mhz: 1813, Mhz Limit: 2100
Processor Information for processor 2
  Max Mhz: 2100, Current Mhz: 1813, Mhz Limit: 2100
Processor Information for processor 3
  Max Mhz: 2100, Current Mhz: 1813, Mhz Limit: 2100
Processor Information for processor 4
  Max Mhz: 2100, Current Mhz: 1893, Mhz Limit: 2100
Processor Information for processor 5
  Max Mhz: 2100, Current Mhz: 1893, Mhz Limit: 2100
Processor Information for processor 6
  Max Mhz: 2100, Current Mhz: 1893, Mhz Limit: 2100
Processor Information for processor 7
  Max Mhz: 2100, Current Mhz: 1893, Mhz Limit: 2100
Processor Information for processor 8
  Max Mhz: 2100, Current Mhz: 1813, Mhz Limit: 2100
Processor Information for processor 9
  Max Mhz: 2100, Current Mhz: 1813, Mhz Limit: 2100
Processor Information for processor 10
  Max Mhz: 2100, Current Mhz: 1813, Mhz Limit: 2100
Processor Information for processor 11
  Max Mhz: 2100, Current Mhz: 1813, Mhz Limit: 2100

Memory: 4k page, system-wide physical 7530M (500M free)
TotalPageFile size 23155M (AvailPageFile size 3M)
current process WorkingSet (physical memory assigned to process): 281M, peak: 281M
current process commit charge ("private bytes"): 347M, peak: 416M

vm_info: Java HotSpot(TM) 64-Bit Server VM (21.0.8+12-LTS-250) for windows-amd64 JRE (21.0.8+12-LTS-250), built on 2025-06-27T08:11:22Z by "mach5one" with MS VC++ 17.6 (VS2022)

END.
